<!doctype html public "-//w3c//dtd html 4.0 transitional//en">
<html><head>
<title>Static Call Graph - [.\Objects\ACFly.axf]</title></head>
<body><HR>
<H1>Static Call Graph for image .\Objects\ACFly.axf</H1><HR>
<BR><P>#&#060CALLGRAPH&#062# ARM Linker, 6130100: Last Updated: Wed Oct 28 17:14:58 2020
<BR><P>
<H3>Maximum Stack Usage =       4128 bytes + Unknown(Functions without stacksize, Cycles, Untraceable Function Pointers)</H3><H3>
Call chain for Maximum Stack Depth:</H3>
_ZL18Msg39_MISSION_ITEMhPK17__mavlink_message &rArr; addMission(MissionInf, bool, double) &rArr; ParamGroupRegister(SName, unsigned short, unsigned, const MAV_PARAM_TYPE*, const SName*, const unsigned long long*) &rArr; InternalStorage_GetFileSize(const char*, const char*, unsigned*, double) &rArr; f_stat &rArr; follow_path &rArr; dir_find &rArr; dir_read &rArr; load_xdir &rArr; dir_next &rArr; create_chain &rArr; get_fat &rArr; __aeabi_uldivmod
<P>
<H3>
Functions with no stack information
</H3><UL>
 <LI><a href="#[16a]">__user_initial_stackheap</a>
 <LI><a href="#[1d7]">__cxa_guard_acquire</a>
 <LI><a href="#[1d8]">__cxa_guard_release</a>
 <LI><a href="#[102]">__cxa_pure_virtual</a>
 <LI><a href="#[351]">abort_message</a>
</UL>
</UL>
<P>
<H3>
Mutually Recursive functions
</H3> <LI><a href="#[1]">NMI_Handler</a>&nbsp;&nbsp;&nbsp;&rArr;&nbsp;&nbsp;&nbsp;<a href="#[1]">NMI_Handler</a><BR>
 <LI><a href="#[3]">MemManage_Handler</a>&nbsp;&nbsp;&nbsp;&rArr;&nbsp;&nbsp;&nbsp;<a href="#[3]">MemManage_Handler</a><BR>
 <LI><a href="#[4]">BusFault_Handler</a>&nbsp;&nbsp;&nbsp;&rArr;&nbsp;&nbsp;&nbsp;<a href="#[4]">BusFault_Handler</a><BR>
 <LI><a href="#[5]">UsageFault_Handler</a>&nbsp;&nbsp;&nbsp;&rArr;&nbsp;&nbsp;&nbsp;<a href="#[5]">UsageFault_Handler</a><BR>
 <LI><a href="#[7]">DebugMon_Handler</a>&nbsp;&nbsp;&nbsp;&rArr;&nbsp;&nbsp;&nbsp;<a href="#[7]">DebugMon_Handler</a><BR>
 <LI><a href="#[81]">ADC3_IRQHandler</a>&nbsp;&nbsp;&nbsp;&rArr;&nbsp;&nbsp;&nbsp;<a href="#[81]">ADC3_IRQHandler</a><BR>
 <LI><a href="#[34b]">std::__1::__tree&lang;std::__1::__value_type&lang;SName, ReceiverSync&rang;, std::__1::__map_value_compare&lang;SName, std::__1::__value_type&lang;SName, ReceiverSync&rang;, std::__1::less&lang;SName&rang;, (bool)1&rang;, std::__1::allocator&lang;std::__1::__value_type&lang;SName, ReceiverSync&rang;&rang;&rang;::destroy(std::__1::__tree_node&lang;std::__1::__value_type&lang;SName, ReceiverSync&rang;, void*&rang;*)</a>&nbsp;&nbsp;&nbsp;&rArr;&nbsp;&nbsp;&nbsp;<a href="#[34b]">std::__1::__tree&lang;std::__1::__value_type&lang;SName, ReceiverSync&rang;, std::__1::__map_value_compare&lang;SName, std::__1::__value_type&lang;SName, ReceiverSync&rang;, std::__1::less&lang;SName&rang;, (bool)1&rang;, std::__1::allocator&lang;std::__1::__value_type&lang;SName, ReceiverSync&rang;&rang;&rang;::destroy(std::__1::__tree_node&lang;std::__1::__value_type&lang;SName, ReceiverSync&rang;, void*&rang;*)</a><BR>
 <LI><a href="#[34c]">std::__1::__tree&lang;std::__1::__value_type&lang;SName, Param&rang;, std::__1::__map_value_compare&lang;SName, std::__1::__value_type&lang;SName, Param&rang;, std::__1::less&lang;SName&rang;, (bool)1&rang;, std::__1::allocator&lang;std::__1::__value_type&lang;SName, Param&rang;&rang;&rang;::destroy(std::__1::__tree_node&lang;std::__1::__value_type&lang;SName, Param&rang;, void*&rang;*)</a>&nbsp;&nbsp;&nbsp;&rArr;&nbsp;&nbsp;&nbsp;<a href="#[34c]">std::__1::__tree&lang;std::__1::__value_type&lang;SName, Param&rang;, std::__1::__map_value_compare&lang;SName, std::__1::__value_type&lang;SName, Param&rang;, std::__1::less&lang;SName&rang;, (bool)1&rang;, std::__1::allocator&lang;std::__1::__value_type&lang;SName, Param&rang;&rang;&rang;::destroy(std::__1::__tree_node&lang;std::__1::__value_type&lang;SName, Param&rang;, void*&rang;*)</a><BR>
 <LI><a href="#[34d]">std::__1::__tree&lang;std::__1::__value_type&lang;SName, ParamGroup*&rang;, std::__1::__map_value_compare&lang;SName, std::__1::__value_type&lang;SName, ParamGroup*&rang;, std::__1::less&lang;SName&rang;, (bool)1&rang;, std::__1::allocator&lang;std::__1::__value_type&lang;SName, ParamGroup*&rang;&rang;&rang;::destroy(std::__1::__tree_node&lang;std::__1::__value_type&lang;SName, ParamGroup*&rang;, void*&rang;*)</a>&nbsp;&nbsp;&nbsp;&rArr;&nbsp;&nbsp;&nbsp;<a href="#[34d]">std::__1::__tree&lang;std::__1::__value_type&lang;SName, ParamGroup*&rang;, std::__1::__map_value_compare&lang;SName, std::__1::__value_type&lang;SName, ParamGroup*&rang;, std::__1::less&lang;SName&rang;, (bool)1&rang;, std::__1::allocator&lang;std::__1::__value_type&lang;SName, ParamGroup*&rang;&rang;&rang;::destroy(std::__1::__tree_node&lang;std::__1::__value_type&lang;SName, ParamGroup*&rang;, void*&rang;*)</a><BR>
 <LI><a href="#[34e]">std::__1::__tree&lang;std::__1::__value_type&lang;unsigned short, SDMsg&rang;, std::__1::__map_value_compare&lang;unsigned short, std::__1::__value_type&lang;unsigned short, SDMsg&rang;, std::__1::less&lang;unsigned short&rang;, (bool)1&rang;, std::__1::allocator&lang;std::__1::__value_type&lang;unsigned short, SDMsg&rang;&rang;&rang;::destroy(std::__1::__tree_node&lang;std::__1::__value_type&lang;unsigned short, SDMsg&rang;, void*&rang;*)</a>&nbsp;&nbsp;&nbsp;&rArr;&nbsp;&nbsp;&nbsp;<a href="#[34e]">std::__1::__tree&lang;std::__1::__value_type&lang;unsigned short, SDMsg&rang;, std::__1::__map_value_compare&lang;unsigned short, std::__1::__value_type&lang;unsigned short, SDMsg&rang;, std::__1::less&lang;unsigned short&rang;, (bool)1&rang;, std::__1::allocator&lang;std::__1::__value_type&lang;unsigned short, SDMsg&rang;&rang;&rang;::destroy(std::__1::__tree_node&lang;std::__1::__value_type&lang;unsigned short, SDMsg&rang;, void*&rang;*)</a><BR>
</UL>
<P>
<H3>
Function Pointers
</H3><UL>
 <LI><a href="#[81]">ADC3_IRQHandler</a> from startup_stm32h743xx.o(.text) referenced from startup_stm32h743xx.o(RESET)
 <LI><a href="#[1c]">ADC_IRQHandler</a> from startup_stm32h743xx.o(.text) referenced from startup_stm32h743xx.o(RESET)
 <LI><a href="#[83]">BDMA_Channel0_IRQHandler</a> from startup_stm32h743xx.o(.text) referenced from startup_stm32h743xx.o(RESET)
 <LI><a href="#[84]">BDMA_Channel1_IRQHandler</a> from startup_stm32h743xx.o(.text) referenced from startup_stm32h743xx.o(RESET)
 <LI><a href="#[85]">BDMA_Channel2_IRQHandler</a> from startup_stm32h743xx.o(.text) referenced from startup_stm32h743xx.o(RESET)
 <LI><a href="#[86]">BDMA_Channel3_IRQHandler</a> from startup_stm32h743xx.o(.text) referenced from startup_stm32h743xx.o(RESET)
 <LI><a href="#[87]">BDMA_Channel4_IRQHandler</a> from startup_stm32h743xx.o(.text) referenced from startup_stm32h743xx.o(RESET)
 <LI><a href="#[88]">BDMA_Channel5_IRQHandler</a> from startup_stm32h743xx.o(.text) referenced from startup_stm32h743xx.o(RESET)
 <LI><a href="#[89]">BDMA_Channel6_IRQHandler</a> from startup_stm32h743xx.o(.text) referenced from startup_stm32h743xx.o(RESET)
 <LI><a href="#[8a]">BDMA_Channel7_IRQHandler</a> from startup_stm32h743xx.o(.text) referenced from startup_stm32h743xx.o(RESET)
 <LI><a href="#[4]">BusFault_Handler</a> from startup_stm32h743xx.o(.text) referenced from startup_stm32h743xx.o(RESET)
 <LI><a href="#[62]">CEC_IRQHandler</a> from startup_stm32h743xx.o(.text) referenced from startup_stm32h743xx.o(RESET)
 <LI><a href="#[8b]">COMP1_IRQHandler</a> from startup_stm32h743xx.o(.text) referenced from startup_stm32h743xx.o(RESET)
 <LI><a href="#[91]">CRS_IRQHandler</a> from startup_stm32h743xx.o(.text) referenced from startup_stm32h743xx.o(RESET)
 <LI><a href="#[53]">DCMI_IRQHandler</a> from startup_stm32h743xx.o(.text) referenced from startup_stm32h743xx.o(RESET)
 <LI><a href="#[72]">DFSDM1_FLT0_IRQHandler</a> from startup_stm32h743xx.o(.text) referenced from startup_stm32h743xx.o(RESET)
 <LI><a href="#[73]">DFSDM1_FLT1_IRQHandler</a> from startup_stm32h743xx.o(.text) referenced from startup_stm32h743xx.o(RESET)
 <LI><a href="#[74]">DFSDM1_FLT2_IRQHandler</a> from startup_stm32h743xx.o(.text) referenced from startup_stm32h743xx.o(RESET)
 <LI><a href="#[75]">DFSDM1_FLT3_IRQHandler</a> from startup_stm32h743xx.o(.text) referenced from startup_stm32h743xx.o(RESET)
 <LI><a href="#[15]">DMA1_Stream0_IRQHandler</a> from startup_stm32h743xx.o(.text) referenced from startup_stm32h743xx.o(RESET)
 <LI><a href="#[16]">DMA1_Stream1_IRQHandler</a> from drv_sensors.o(.text.DMA1_Stream1_IRQHandler) referenced from startup_stm32h743xx.o(RESET)
 <LI><a href="#[17]">DMA1_Stream2_IRQHandler</a> from startup_stm32h743xx.o(.text) referenced from startup_stm32h743xx.o(RESET)
 <LI><a href="#[18]">DMA1_Stream3_IRQHandler</a> from startup_stm32h743xx.o(.text) referenced from startup_stm32h743xx.o(RESET)
 <LI><a href="#[19]">DMA1_Stream4_IRQHandler</a> from startup_stm32h743xx.o(.text) referenced from startup_stm32h743xx.o(RESET)
 <LI><a href="#[1a]">DMA1_Stream5_IRQHandler</a> from startup_stm32h743xx.o(.text) referenced from startup_stm32h743xx.o(RESET)
 <LI><a href="#[1b]">DMA1_Stream6_IRQHandler</a> from startup_stm32h743xx.o(.text) referenced from startup_stm32h743xx.o(RESET)
 <LI><a href="#[38]">DMA1_Stream7_IRQHandler</a> from startup_stm32h743xx.o(.text) referenced from startup_stm32h743xx.o(RESET)
 <LI><a href="#[5e]">DMA2D_IRQHandler</a> from gui.o(.text.DMA2D_IRQHandler) referenced from startup_stm32h743xx.o(RESET)
 <LI><a href="#[41]">DMA2_Stream0_IRQHandler</a> from startup_stm32h743xx.o(.text) referenced from startup_stm32h743xx.o(RESET)
 <LI><a href="#[42]">DMA2_Stream1_IRQHandler</a> from startup_stm32h743xx.o(.text) referenced from startup_stm32h743xx.o(RESET)
 <LI><a href="#[43]">DMA2_Stream2_IRQHandler</a> from startup_stm32h743xx.o(.text) referenced from startup_stm32h743xx.o(RESET)
 <LI><a href="#[44]">DMA2_Stream3_IRQHandler</a> from startup_stm32h743xx.o(.text) referenced from startup_stm32h743xx.o(RESET)
 <LI><a href="#[45]">DMA2_Stream4_IRQHandler</a> from startup_stm32h743xx.o(.text) referenced from startup_stm32h743xx.o(RESET)
 <LI><a href="#[49]">DMA2_Stream5_IRQHandler</a> from startup_stm32h743xx.o(.text) referenced from startup_stm32h743xx.o(RESET)
 <LI><a href="#[4a]">DMA2_Stream6_IRQHandler</a> from startup_stm32h743xx.o(.text) referenced from startup_stm32h743xx.o(RESET)
 <LI><a href="#[4b]">DMA2_Stream7_IRQHandler</a> from startup_stm32h743xx.o(.text) referenced from startup_stm32h743xx.o(RESET)
 <LI><a href="#[6a]">DMAMUX1_OVR_IRQHandler</a> from startup_stm32h743xx.o(.text) referenced from startup_stm32h743xx.o(RESET)
 <LI><a href="#[82]">DMAMUX2_OVR_IRQHandler</a> from startup_stm32h743xx.o(.text) referenced from startup_stm32h743xx.o(RESET)
 <LI><a href="#[7]">DebugMon_Handler</a> from startup_stm32h743xx.o(.text) referenced from startup_stm32h743xx.o(RESET)
 <LI><a href="#[92]">ECC_IRQHandler</a> from startup_stm32h743xx.o(.text) referenced from startup_stm32h743xx.o(RESET)
 <LI><a href="#[46]">ETH_IRQHandler</a> from startup_stm32h743xx.o(.text) referenced from startup_stm32h743xx.o(RESET)
 <LI><a href="#[47]">ETH_WKUP_IRQHandler</a> from startup_stm32h743xx.o(.text) referenced from startup_stm32h743xx.o(RESET)
 <LI><a href="#[10]">EXTI0_IRQHandler</a> from startup_stm32h743xx.o(.text) referenced from startup_stm32h743xx.o(RESET)
 <LI><a href="#[32]">EXTI15_10_IRQHandler</a> from startup_stm32h743xx.o(.text) referenced from startup_stm32h743xx.o(RESET)
 <LI><a href="#[11]">EXTI1_IRQHandler</a> from startup_stm32h743xx.o(.text) referenced from startup_stm32h743xx.o(RESET)
 <LI><a href="#[12]">EXTI2_IRQHandler</a> from startup_stm32h743xx.o(.text) referenced from startup_stm32h743xx.o(RESET)
 <LI><a href="#[13]">EXTI3_IRQHandler</a> from startup_stm32h743xx.o(.text) referenced from startup_stm32h743xx.o(RESET)
 <LI><a href="#[14]">EXTI4_IRQHandler</a> from startup_stm32h743xx.o(.text) referenced from startup_stm32h743xx.o(RESET)
 <LI><a href="#[21]">EXTI9_5_IRQHandler</a> from startup_stm32h743xx.o(.text) referenced from startup_stm32h743xx.o(RESET)
 <LI><a href="#[1d]">FDCAN1_IT0_IRQHandler</a> from startup_stm32h743xx.o(.text) referenced from startup_stm32h743xx.o(RESET)
 <LI><a href="#[1f]">FDCAN1_IT1_IRQHandler</a> from startup_stm32h743xx.o(.text) referenced from startup_stm32h743xx.o(RESET)
 <LI><a href="#[1e]">FDCAN2_IT0_IRQHandler</a> from startup_stm32h743xx.o(.text) referenced from startup_stm32h743xx.o(RESET)
 <LI><a href="#[20]">FDCAN2_IT1_IRQHandler</a> from startup_stm32h743xx.o(.text) referenced from startup_stm32h743xx.o(RESET)
 <LI><a href="#[48]">FDCAN_CAL_IRQHandler</a> from startup_stm32h743xx.o(.text) referenced from startup_stm32h743xx.o(RESET)
 <LI><a href="#[e]">FLASH_IRQHandler</a> from startup_stm32h743xx.o(.text) referenced from startup_stm32h743xx.o(RESET)
 <LI><a href="#[39]">FMC_IRQHandler</a> from startup_stm32h743xx.o(.text) referenced from startup_stm32h743xx.o(RESET)
 <LI><a href="#[55]">FPU_IRQHandler</a> from startup_stm32h743xx.o(.text) referenced from startup_stm32h743xx.o(RESET)
 <LI><a href="#[cc]">Flash_initialize</a> from flash_diskio.o(.text.Flash_initialize) referenced from flash_diskio.o(.rodata.Flash_Driver)
 <LI><a href="#[d0]">Flash_ioctl</a> from flash_diskio.o(.text.Flash_ioctl) referenced from flash_diskio.o(.rodata.Flash_Driver)
 <LI><a href="#[ce]">Flash_read</a> from flash_diskio.o(.text.Flash_read) referenced from flash_diskio.o(.rodata.Flash_Driver)
 <LI><a href="#[cd]">Flash_status</a> from flash_diskio.o(.text.Flash_status) referenced from flash_diskio.o(.rodata.Flash_Driver)
 <LI><a href="#[cf]">Flash_write</a> from flash_diskio.o(.text.Flash_write) referenced from flash_diskio.o(.rodata.Flash_Driver)
 <LI><a href="#[71]">HRTIM1_FLT_IRQHandler</a> from startup_stm32h743xx.o(.text) referenced from startup_stm32h743xx.o(RESET)
 <LI><a href="#[6b]">HRTIM1_Master_IRQHandler</a> from startup_stm32h743xx.o(.text) referenced from startup_stm32h743xx.o(RESET)
 <LI><a href="#[6c]">HRTIM1_TIMA_IRQHandler</a> from startup_stm32h743xx.o(.text) referenced from startup_stm32h743xx.o(RESET)
 <LI><a href="#[6d]">HRTIM1_TIMB_IRQHandler</a> from startup_stm32h743xx.o(.text) referenced from startup_stm32h743xx.o(RESET)
 <LI><a href="#[6e]">HRTIM1_TIMC_IRQHandler</a> from startup_stm32h743xx.o(.text) referenced from startup_stm32h743xx.o(RESET)
 <LI><a href="#[6f]">HRTIM1_TIMD_IRQHandler</a> from startup_stm32h743xx.o(.text) referenced from startup_stm32h743xx.o(RESET)
 <LI><a href="#[70]">HRTIM1_TIME_IRQHandler</a> from startup_stm32h743xx.o(.text) referenced from startup_stm32h743xx.o(RESET)
 <LI><a href="#[80]">HSEM1_IRQHandler</a> from startup_stm32h743xx.o(.text) referenced from startup_stm32h743xx.o(RESET)
 <LI><a href="#[2]">HardFault_Handler</a> from main.o(.text.HardFault_Handler) referenced from startup_stm32h743xx.o(RESET)
 <LI><a href="#[2a]">I2C1_ER_IRQHandler</a> from drv_extiic.o(.text.I2C1_ER_IRQHandler) referenced from startup_stm32h743xx.o(RESET)
 <LI><a href="#[29]">I2C1_EV_IRQHandler</a> from drv_extiic.o(.text.I2C1_EV_IRQHandler) referenced from startup_stm32h743xx.o(RESET)
 <LI><a href="#[2c]">I2C2_ER_IRQHandler</a> from startup_stm32h743xx.o(.text) referenced from startup_stm32h743xx.o(RESET)
 <LI><a href="#[2b]">I2C2_EV_IRQHandler</a> from startup_stm32h743xx.o(.text) referenced from startup_stm32h743xx.o(RESET)
 <LI><a href="#[4e]">I2C3_ER_IRQHandler</a> from startup_stm32h743xx.o(.text) referenced from startup_stm32h743xx.o(RESET)
 <LI><a href="#[4d]">I2C3_EV_IRQHandler</a> from startup_stm32h743xx.o(.text) referenced from startup_stm32h743xx.o(RESET)
 <LI><a href="#[64]">I2C4_ER_IRQHandler</a> from startup_stm32h743xx.o(.text) referenced from startup_stm32h743xx.o(RESET)
 <LI><a href="#[63]">I2C4_EV_IRQHandler</a> from startup_stm32h743xx.o(.text) referenced from startup_stm32h743xx.o(RESET)
 <LI><a href="#[7d]">JPEG_IRQHandler</a> from startup_stm32h743xx.o(.text) referenced from startup_stm32h743xx.o(RESET)
 <LI><a href="#[61]">LPTIM1_IRQHandler</a> from startup_stm32h743xx.o(.text) referenced from startup_stm32h743xx.o(RESET)
 <LI><a href="#[8c]">LPTIM2_IRQHandler</a> from startup_stm32h743xx.o(.text) referenced from startup_stm32h743xx.o(RESET)
 <LI><a href="#[8d]">LPTIM3_IRQHandler</a> from startup_stm32h743xx.o(.text) referenced from startup_stm32h743xx.o(RESET)
 <LI><a href="#[8e]">LPTIM4_IRQHandler</a> from startup_stm32h743xx.o(.text) referenced from startup_stm32h743xx.o(RESET)
 <LI><a href="#[8f]">LPTIM5_IRQHandler</a> from startup_stm32h743xx.o(.text) referenced from startup_stm32h743xx.o(RESET)
 <LI><a href="#[90]">LPUART1_IRQHandler</a> from startup_stm32h743xx.o(.text) referenced from startup_stm32h743xx.o(RESET)
 <LI><a href="#[5d]">LTDC_ER_IRQHandler</a> from startup_stm32h743xx.o(.text) referenced from startup_stm32h743xx.o(RESET)
 <LI><a href="#[5c]">LTDC_IRQHandler</a> from startup_stm32h743xx.o(.text) referenced from startup_stm32h743xx.o(RESET)
 <LI><a href="#[7c]">MDIOS_IRQHandler</a> from startup_stm32h743xx.o(.text) referenced from startup_stm32h743xx.o(RESET)
 <LI><a href="#[7b]">MDIOS_WKUP_IRQHandler</a> from startup_stm32h743xx.o(.text) referenced from startup_stm32h743xx.o(RESET)
 <LI><a href="#[7e]">MDMA_IRQHandler</a> from startup_stm32h743xx.o(.text) referenced from startup_stm32h743xx.o(RESET)
 <LI><a href="#[3]">MemManage_Handler</a> from startup_stm32h743xx.o(.text) referenced from startup_stm32h743xx.o(RESET)
 <LI><a href="#[1]">NMI_Handler</a> from startup_stm32h743xx.o(.text) referenced from startup_stm32h743xx.o(RESET)
 <LI><a href="#[67]">OTG_FS_EP1_IN_IRQHandler</a> from startup_stm32h743xx.o(.text) referenced from startup_stm32h743xx.o(RESET)
 <LI><a href="#[66]">OTG_FS_EP1_OUT_IRQHandler</a> from startup_stm32h743xx.o(.text) referenced from startup_stm32h743xx.o(RESET)
 <LI><a href="#[69]">OTG_FS_IRQHandler</a> from drv_usb.o(.text.OTG_FS_IRQHandler) referenced from startup_stm32h743xx.o(RESET)
 <LI><a href="#[68]">OTG_FS_WKUP_IRQHandler</a> from startup_stm32h743xx.o(.text) referenced from startup_stm32h743xx.o(RESET)
 <LI><a href="#[50]">OTG_HS_EP1_IN_IRQHandler</a> from startup_stm32h743xx.o(.text) referenced from startup_stm32h743xx.o(RESET)
 <LI><a href="#[4f]">OTG_HS_EP1_OUT_IRQHandler</a> from startup_stm32h743xx.o(.text) referenced from startup_stm32h743xx.o(RESET)
 <LI><a href="#[52]">OTG_HS_IRQHandler</a> from startup_stm32h743xx.o(.text) referenced from startup_stm32h743xx.o(RESET)
 <LI><a href="#[51]">OTG_HS_WKUP_IRQHandler</a> from startup_stm32h743xx.o(.text) referenced from startup_stm32h743xx.o(RESET)
 <LI><a href="#[b]">PVD_AVD_IRQHandler</a> from startup_stm32h743xx.o(.text) referenced from startup_stm32h743xx.o(RESET)
 <LI><a href="#[8]">PendSV_Handler</a> from port.o(.text.PendSV_Handler) referenced from startup_stm32h743xx.o(RESET)
 <LI><a href="#[60]">QUADSPI_IRQHandler</a> from drv_flash.o(.text.QUADSPI_IRQHandler) referenced from startup_stm32h743xx.o(RESET)
 <LI><a href="#[f]">RCC_IRQHandler</a> from startup_stm32h743xx.o(.text) referenced from startup_stm32h743xx.o(RESET)
 <LI><a href="#[54]">RNG_IRQHandler</a> from startup_stm32h743xx.o(.text) referenced from startup_stm32h743xx.o(RESET)
 <LI><a href="#[33]">RTC_Alarm_IRQHandler</a> from startup_stm32h743xx.o(.text) referenced from startup_stm32h743xx.o(RESET)
 <LI><a href="#[d]">RTC_WKUP_IRQHandler</a> from startup_stm32h743xx.o(.text) referenced from startup_stm32h743xx.o(RESET)
 <LI><a href="#[0]">Reset_Handler</a> from startup_stm32h743xx.o(.text) referenced from startup_stm32h743xx.o(RESET)
 <LI><a href="#[5b]">SAI1_IRQHandler</a> from startup_stm32h743xx.o(.text) referenced from startup_stm32h743xx.o(RESET)
 <LI><a href="#[5f]">SAI2_IRQHandler</a> from startup_stm32h743xx.o(.text) referenced from startup_stm32h743xx.o(RESET)
 <LI><a href="#[76]">SAI3_IRQHandler</a> from startup_stm32h743xx.o(.text) referenced from startup_stm32h743xx.o(RESET)
 <LI><a href="#[93]">SAI4_IRQHandler</a> from startup_stm32h743xx.o(.text) referenced from startup_stm32h743xx.o(RESET)
 <LI><a href="#[3a]">SDMMC1_IRQHandler</a> from drv_sdmmc.o(.text.SDMMC1_IRQHandler) referenced from startup_stm32h743xx.o(RESET)
 <LI><a href="#[7f]">SDMMC2_IRQHandler</a> from startup_stm32h743xx.o(.text) referenced from startup_stm32h743xx.o(RESET)
 <LI><a href="#[ee]">SD_initialize</a> from sd_diskio.o(.text.SD_initialize) referenced from sd_diskio.o(.rodata.SD_Driver)
 <LI><a href="#[f2]">SD_ioctl</a> from sd_diskio.o(.text.SD_ioctl) referenced from sd_diskio.o(.rodata.SD_Driver)
 <LI><a href="#[f0]">SD_read</a> from sd_diskio.o(.text.SD_read) referenced from sd_diskio.o(.rodata.SD_Driver)
 <LI><a href="#[ef]">SD_status</a> from sd_diskio.o(.text.SD_status) referenced from sd_diskio.o(.rodata.SD_Driver)
 <LI><a href="#[f1]">SD_write</a> from sd_diskio.o(.text.SD_write) referenced from sd_diskio.o(.rodata.SD_Driver)
 <LI><a href="#[65]">SPDIF_RX_IRQHandler</a> from startup_stm32h743xx.o(.text) referenced from startup_stm32h743xx.o(RESET)
 <LI><a href="#[2d]">SPI1_IRQHandler</a> from startup_stm32h743xx.o(.text) referenced from startup_stm32h743xx.o(RESET)
 <LI><a href="#[2e]">SPI2_IRQHandler</a> from startup_stm32h743xx.o(.text) referenced from startup_stm32h743xx.o(RESET)
 <LI><a href="#[3c]">SPI3_IRQHandler</a> from startup_stm32h743xx.o(.text) referenced from startup_stm32h743xx.o(RESET)
 <LI><a href="#[58]">SPI4_IRQHandler</a> from drv_oled.o(.text.SPI4_IRQHandler) referenced from startup_stm32h743xx.o(RESET)
 <LI><a href="#[59]">SPI5_IRQHandler</a> from startup_stm32h743xx.o(.text) referenced from startup_stm32h743xx.o(RESET)
 <LI><a href="#[5a]">SPI6_IRQHandler</a> from startup_stm32h743xx.o(.text) referenced from startup_stm32h743xx.o(RESET)
 <LI><a href="#[6]">SVC_Handler</a> from port.o(.text.SVC_Handler) referenced from startup_stm32h743xx.o(RESET)
 <LI><a href="#[77]">SWPMI1_IRQHandler</a> from startup_stm32h743xx.o(.text) referenced from startup_stm32h743xx.o(RESET)
 <LI><a href="#[9]">SysTick_Handler</a> from port.o(.text.SysTick_Handler) referenced from startup_stm32h743xx.o(RESET)
 <LI><a href="#[95]">SystemInit</a> from system_stm32h7xx.o(.text.SystemInit) referenced from startup_stm32h743xx.o(.text)
 <LI><a href="#[c]">TAMP_STAMP_IRQHandler</a> from startup_stm32h743xx.o(.text) referenced from startup_stm32h743xx.o(RESET)
 <LI><a href="#[78]">TIM15_IRQHandler</a> from startup_stm32h743xx.o(.text) referenced from startup_stm32h743xx.o(RESET)
 <LI><a href="#[79]">TIM16_IRQHandler</a> from drv_sensors.o(.text.TIM16_IRQHandler) referenced from startup_stm32h743xx.o(RESET)
 <LI><a href="#[7a]">TIM17_IRQHandler</a> from drv_sensors.o(.text.TIM17_IRQHandler) referenced from startup_stm32h743xx.o(RESET)
 <LI><a href="#[22]">TIM1_BRK_IRQHandler</a> from startup_stm32h743xx.o(.text) referenced from startup_stm32h743xx.o(RESET)
 <LI><a href="#[25]">TIM1_CC_IRQHandler</a> from drv_rcppm.o(.text.TIM1_CC_IRQHandler) referenced from startup_stm32h743xx.o(RESET)
 <LI><a href="#[9e]">TIM1_IRQHandlerTCB</a> from drv_rcppm.o(.text.TIM1_IRQHandlerTCB) referenced 2 times from drv_rcppm.o(.text.TIM1_CC_IRQHandler)
 <LI><a href="#[24]">TIM1_TRG_COM_IRQHandler</a> from startup_stm32h743xx.o(.text) referenced from startup_stm32h743xx.o(RESET)
 <LI><a href="#[23]">TIM1_UP_IRQHandler</a> from startup_stm32h743xx.o(.text) referenced from startup_stm32h743xx.o(RESET)
 <LI><a href="#[26]">TIM2_IRQHandler</a> from startup_stm32h743xx.o(.text) referenced from startup_stm32h743xx.o(RESET)
 <LI><a href="#[27]">TIM3_IRQHandler</a> from startup_stm32h743xx.o(.text) referenced from startup_stm32h743xx.o(RESET)
 <LI><a href="#[28]">TIM4_IRQHandler</a> from drv_adc.o(.text.TIM4_IRQHandler) referenced from startup_stm32h743xx.o(RESET)
 <LI><a href="#[3b]">TIM5_IRQHandler</a> from timebase.o(.text.TIM5_IRQHandler) referenced from startup_stm32h743xx.o(RESET)
 <LI><a href="#[3f]">TIM6_DAC_IRQHandler</a> from startup_stm32h743xx.o(.text) referenced from startup_stm32h743xx.o(RESET)
 <LI><a href="#[40]">TIM7_IRQHandler</a> from startup_stm32h743xx.o(.text) referenced from startup_stm32h743xx.o(RESET)
 <LI><a href="#[34]">TIM8_BRK_TIM12_IRQHandler</a> from drv_ultrasonic.o(.text.TIM8_BRK_TIM12_IRQHandler) referenced from startup_stm32h743xx.o(RESET)
 <LI><a href="#[37]">TIM8_CC_IRQHandler</a> from startup_stm32h743xx.o(.text) referenced from startup_stm32h743xx.o(RESET)
 <LI><a href="#[36]">TIM8_TRG_COM_TIM14_IRQHandler</a> from startup_stm32h743xx.o(.text) referenced from startup_stm32h743xx.o(RESET)
 <LI><a href="#[35]">TIM8_UP_TIM13_IRQHandler</a> from startup_stm32h743xx.o(.text) referenced from startup_stm32h743xx.o(RESET)
 <LI><a href="#[3d]">UART4_IRQHandler</a> from startup_stm32h743xx.o(.text) referenced from startup_stm32h743xx.o(RESET)
 <LI><a href="#[3e]">UART5_IRQHandler</a> from drv_uart5.o(.text.UART5_IRQHandler) referenced from startup_stm32h743xx.o(RESET)
 <LI><a href="#[56]">UART7_IRQHandler</a> from drv_uart7.o(.text.UART7_IRQHandler) referenced from startup_stm32h743xx.o(RESET)
 <LI><a href="#[57]">UART8_IRQHandler</a> from drv_uart8.o(.text.UART8_IRQHandler) referenced from startup_stm32h743xx.o(RESET)
 <LI><a href="#[2f]">USART1_IRQHandler</a> from drv_uart1.o(.text.USART1_IRQHandler) referenced from startup_stm32h743xx.o(RESET)
 <LI><a href="#[30]">USART2_IRQHandler</a> from drv_rcsbus.o(.text.USART2_IRQHandler) referenced from startup_stm32h743xx.o(RESET)
 <LI><a href="#[a4]">USART2_IRQHandlerTCB</a> from drv_rcsbus.o(.text.USART2_IRQHandlerTCB) referenced 2 times from drv_rcsbus.o(.text.USART2_IRQHandler)
 <LI><a href="#[31]">USART3_IRQHandler</a> from drv_uart3.o(.text.USART3_IRQHandler) referenced from startup_stm32h743xx.o(RESET)
 <LI><a href="#[4c]">USART6_IRQHandler</a> from startup_stm32h743xx.o(.text) referenced from startup_stm32h743xx.o(RESET)
 <LI><a href="#[5]">UsageFault_Handler</a> from startup_stm32h743xx.o(.text) referenced from startup_stm32h743xx.o(RESET)
 <LI><a href="#[94]">WAKEUP_PIN_IRQHandler</a> from startup_stm32h743xx.o(.text) referenced from startup_stm32h743xx.o(RESET)
 <LI><a href="#[a]">WWDG_IRQHandler</a> from startup_stm32h743xx.o(.text) referenced from startup_stm32h743xx.o(RESET)
 <LI><a href="#[11e]">_GLOBAL__sub_I_Commulink.cpp</a> from commulink.o(.text._GLOBAL__sub_I_Commulink.cpp) referenced from commulink.o(.init_array)
 <LI><a href="#[111]">_GLOBAL__sub_I_GUI.cpp</a> from gui.o(.text._GLOBAL__sub_I_GUI.cpp) referenced from gui.o(.init_array)
 <LI><a href="#[121]">_GLOBAL__sub_I_MS_Attitude.cpp</a> from ms_attitude.o(.text._GLOBAL__sub_I_MS_Attitude.cpp) referenced from ms_attitude.o(.init_array)
 <LI><a href="#[122]">_GLOBAL__sub_I_MS_Position.cpp</a> from ms_position.o(.text._GLOBAL__sub_I_MS_Position.cpp) referenced from ms_position.o(.init_array)
 <LI><a href="#[112]">_GLOBAL__sub_I_Missions.cpp</a> from missions.o(.text._GLOBAL__sub_I_Missions.cpp) referenced from missions.o(.init_array)
 <LI><a href="#[11f]">_GLOBAL__sub_I_Modes.cpp</a> from modes.o(.text._GLOBAL__sub_I_Modes.cpp) referenced from modes.o(.init_array)
 <LI><a href="#[110]">_GLOBAL__sub_I_Parameters.cpp</a> from parameters.o(.text._GLOBAL__sub_I_Parameters.cpp) referenced from parameters.o(.init_array)
 <LI><a href="#[114]">_GLOBAL__sub_I_Receiver.cpp</a> from receiver.o(.text._GLOBAL__sub_I_Receiver.cpp) referenced from receiver.o(.init_array)
 <LI><a href="#[10f]">_GLOBAL__sub_I_SDStorage.cpp</a> from sdstorage.o(.text._GLOBAL__sub_I_SDStorage.cpp) referenced from sdstorage.o(.init_array)
 <LI><a href="#[113]">_GLOBAL__sub_I_Sensors.cpp</a> from sensors.o(.text._GLOBAL__sub_I_Sensors.cpp) referenced from sensors.o(.init_array)
 <LI><a href="#[120]">_GLOBAL__sub_I_ctrl_Main.cpp</a> from ctrl_main.o(.text._GLOBAL__sub_I_ctrl_Main.cpp) referenced from ctrl_main.o(.init_array)
 <LI><a href="#[11d]">_GLOBAL__sub_I_drv_ADC.cpp</a> from drv_adc.o(.text._GLOBAL__sub_I_drv_ADC.cpp) referenced from drv_adc.o(.init_array)
 <LI><a href="#[11a]">_GLOBAL__sub_I_drv_ExtIIC.cpp</a> from drv_extiic.o(.text._GLOBAL__sub_I_drv_ExtIIC.cpp) referenced from drv_extiic.o(.init_array)
 <LI><a href="#[11b]">_GLOBAL__sub_I_drv_ExtMag.cpp</a> from drv_extmag.o(.text._GLOBAL__sub_I_drv_ExtMag.cpp) referenced from drv_extmag.o(.init_array)
 <LI><a href="#[11c]">_GLOBAL__sub_I_drv_Oled.cpp</a> from drv_oled.o(.text._GLOBAL__sub_I_drv_Oled.cpp) referenced from drv_oled.o(.init_array)
 <LI><a href="#[115]">_GLOBAL__sub_I_drv_Uart1.cpp</a> from drv_uart1.o(.text._GLOBAL__sub_I_drv_Uart1.cpp) referenced from drv_uart1.o(.init_array)
 <LI><a href="#[116]">_GLOBAL__sub_I_drv_Uart3.cpp</a> from drv_uart3.o(.text._GLOBAL__sub_I_drv_Uart3.cpp) referenced from drv_uart3.o(.init_array)
 <LI><a href="#[117]">_GLOBAL__sub_I_drv_Uart5.cpp</a> from drv_uart5.o(.text._GLOBAL__sub_I_drv_Uart5.cpp) referenced from drv_uart5.o(.init_array)
 <LI><a href="#[118]">_GLOBAL__sub_I_drv_Uart7.cpp</a> from drv_uart7.o(.text._GLOBAL__sub_I_drv_Uart7.cpp) referenced from drv_uart7.o(.init_array)
 <LI><a href="#[119]">_GLOBAL__sub_I_drv_Uart8.cpp</a> from drv_uart8.o(.text._GLOBAL__sub_I_drv_Uart8.cpp) referenced from drv_uart8.o(.init_array)
 <LI><a href="#[b9]">Lock_Uart1(double)</a> from drv_uart1.o(.text._Z10Lock_Uart1d) referenced 2 times from drv_uart1.o(.text._Z14init_drv_Uart1v)
 <LI><a href="#[bd]">Lock_Uart3(double)</a> from drv_uart3.o(.text._Z10Lock_Uart3d) referenced 2 times from drv_uart3.o(.text._Z14init_drv_Uart3v)
 <LI><a href="#[bc]">Read_Uart1(unsigned char*, unsigned short, double, double)</a> from drv_uart1.o(.text._Z10Read_Uart1Phtdd) referenced 2 times from drv_uart1.o(.text._Z14init_drv_Uart1v)
 <LI><a href="#[c0]">Read_Uart3(unsigned char*, unsigned short, double, double)</a> from drv_uart3.o(.text._Z10Read_Uart3Phtdd) referenced 2 times from drv_uart3.o(.text._Z14init_drv_Uart3v)
 <LI><a href="#[ba]">Write_Uart1(const unsigned char*, unsigned short, double, double)</a> from drv_uart1.o(.text._Z11Write_Uart1PKhtdd) referenced 2 times from drv_uart1.o(.text._Z14init_drv_Uart1v)
 <LI><a href="#[be]">Write_Uart3(const unsigned char*, unsigned short, double, double)</a> from drv_uart3.o(.text._Z11Write_Uart3PKhtdd) referenced 2 times from drv_uart3.o(.text._Z14init_drv_Uart3v)
 <LI><a href="#[af]">MS_Main_Gyro(void*)</a> from ms_main.o(.text._Z12MS_Main_GyroPv) referenced 2 times from ms_main.o(.text._Z12init_MS_Mainv)
 <LI><a href="#[bb]">Unlock_Uart1()</a> from drv_uart1.o(.text._Z12Unlock_Uart1v) referenced 2 times from drv_uart1.o(.text._Z14init_drv_Uart1v)
 <LI><a href="#[bf]">Unlock_Uart3()</a> from drv_uart3.o(.text._Z12Unlock_Uart3v) referenced 2 times from drv_uart3.o(.text._Z14init_drv_Uart3v)
 <LI><a href="#[b3]">Lock_USBD_VCOM(double)</a> from drv_usb.o(.text._Z14Lock_USBD_VCOMd) referenced 2 times from drv_usb.o(.text._Z12init_drv_USBv)
 <LI><a href="#[b5]">Read_USBD_VCOM(unsigned char*, unsigned short, double, double)</a> from drv_usb.o(.text._Z14Read_USBD_VCOMPhtdd) referenced 2 times from drv_usb.o(.text._Z12init_drv_USBv)
 <LI><a href="#[c8]">DriverInit_task(void*)</a> from main.o(.text._Z15DriverInit_taskPv) referenced 2 times from main.o(.text.main)
 <LI><a href="#[b2]">Write_USBD_VCOM(const unsigned char*, unsigned short, double, double)</a> from drv_usb.o(.text._Z15Write_USBD_VCOMPKhtdd) referenced 2 times from drv_usb.o(.text._Z12init_drv_USBv)
 <LI><a href="#[b4]">Unlock_USBD_VCOM()</a> from drv_usb.o(.text._Z16Unlock_USBD_VCOMv) referenced 2 times from drv_usb.o(.text._Z12init_drv_USBv)
 <LI><a href="#[b0]">MS_Main(void*)</a> from ms_main.o(.text._Z7MS_MainPv) referenced 2 times from ms_main.o(.text._Z12init_MS_Mainv)
 <LI><a href="#[ac]">_ZL10Debug_taskPv</a> from debug.o(.text._ZL10Debug_taskPv) referenced 2 times from debug.o(.text._Z10init_Debugv)
 <LI><a href="#[b1]">_ZL10GPS_ServerPv</a> from drv_gps.o(.text._ZL10GPS_ServerPv) referenced 2 times from drv_gps.o(.text._Z12init_drv_GPSv)
 <LI><a href="#[c7]">_ZL10GUI_ServerPv</a> from gui.o(.text._ZL10GUI_ServerPv) referenced 2 times from gui.o(.text._Z8init_GUIv)
 <LI><a href="#[ad]">_ZL12MSafe_ServerPv</a> from msafe.o(.text._ZL12MSafe_ServerPv) referenced 2 times from msafe.o(.text._Z10init_MSafev)
 <LI><a href="#[ae]">_ZL12Modes_ServerPv</a> from modes.o(.text._ZL12Modes_ServerPv) referenced 2 times from modes.o(.text._Z10init_Modesv)
 <LI><a href="#[99]">_ZL13BMI088GyroTCBPvj</a> from drv_sensors.o(.text._ZL13BMI088GyroTCBPvj) referenced 2 times from drv_sensors.o(.text.DMA1_Stream1_IRQHandler)
 <LI><a href="#[c1]">_ZL13ExtMag_ServerPv</a> from drv_extmag.o(.text._ZL13ExtMag_ServerPv) referenced 2 times from drv_extmag.o(.text._Z15init_drv_ExtMagv)
 <LI><a href="#[ed]">_ZL13Msg74_VFR_HUDhP17__mavlink_message</a> from mavlinksendfuncs.o(.text._ZL13Msg74_VFR_HUDhP17__mavlink_message) referenced from mavlinksendfuncs.o(.rodata.Mavlink_Send_Funcs)
 <LI><a href="#[f5]">_ZL13NavCmd21_LANDdhPdP9NavCmdInf</a> from navcmdprocess.o(.text._ZL13NavCmd21_LANDdhPdP9NavCmdInf) referenced from navcmdprocess.o(.rodata._ZL13NavCmdProcess)
 <LI><a href="#[c2]">_ZL13TFMini_ServerPv</a> from drv_tfmini.o(.text._ZL13TFMini_ServerPv) referenced 2 times from drv_tfmini.o(.text._Z15init_drv_TFMiniv)
 <LI><a href="#[9f]">_ZL13UltrasonicTCBPvj</a> from drv_ultrasonic.o(.text._ZL13UltrasonicTCBPvj) referenced 2 times from drv_ultrasonic.o(.text.TIM8_BRK_TIM12_IRQHandler)
 <LI><a href="#[9a]">_ZL14BMI088AccelTCBPvj</a> from drv_sensors.o(.text._ZL14BMI088AccelTCBPvj) referenced 2 times from drv_sensors.o(.text.DMA1_Stream1_IRQHandler)
 <LI><a href="#[d6]">_ZL14Msg0_HEARTBEAThPK17__mavlink_message</a> from mavlinkrcprocess.o(.text._ZL14Msg0_HEARTBEAThPK17__mavlink_message) referenced from mavlinkrcprocess.o(.rodata.Mavlink_RC_Process)
 <LI><a href="#[d7]">_ZL14Msg11_SET_MODEhPK17__mavlink_message</a> from mavlinkrcprocess.o(.text._ZL14Msg11_SET_MODEhPK17__mavlink_message) referenced from mavlinkrcprocess.o(.rodata.Mavlink_RC_Process)
 <LI><a href="#[e7]">_ZL14Msg30_ATTITUDEhP17__mavlink_message</a> from mavlinksendfuncs.o(.text._ZL14Msg30_ATTITUDEhP17__mavlink_message) referenced from mavlinksendfuncs.o(.rodata.Mavlink_Send_Funcs)
 <LI><a href="#[f7]">_ZL14NavCmd93_DELAYdhPdP9NavCmdInf</a> from navcmdprocess.o(.text._ZL14NavCmd93_DELAYdhPdP9NavCmdInf) referenced from navcmdprocess.o(.rodata._ZL13NavCmdProcess)
 <LI><a href="#[c3]">_ZL15ExtSPL06_ServerPv</a> from drv_extspl06.o(.text._ZL15ExtSPL06_ServerPv) referenced 2 times from drv_extspl06.o(.text._Z17init_drv_ExtSPL06v)
 <LI><a href="#[da]">_ZL15Msg23_PARAM_SEThPK17__mavlink_message</a> from mavlinkrcprocess.o(.text._ZL15Msg23_PARAM_SEThPK17__mavlink_message) referenced from mavlinkrcprocess.o(.rodata.Mavlink_RC_Process)
 <LI><a href="#[b6]">_ZL15usb_device_taskPv</a> from drv_usb.o(.text._ZL15usb_device_taskPv) referenced 2 times from drv_usb.o(.text._Z12init_drv_USBv)
 <LI><a href="#[b7]">_ZL16Commulink_ServerPv</a> from commulink.o(.text._ZL16Commulink_ServerPv) referenced 2 times from commulink.o(.text._Z14init_Commulinkv)
 <LI><a href="#[e5]">_ZL16Msg01_SYS_STATUShP17__mavlink_message</a> from mavlinksendfuncs.o(.text._ZL16Msg01_SYS_STATUShP17__mavlink_message) referenced from mavlinksendfuncs.o(.rodata.Mavlink_Send_Funcs)
 <LI><a href="#[f6]">_ZL16NavCmd22_TAKEOFFdhPdP9NavCmdInf</a> from navcmdprocess.o(.text._ZL16NavCmd22_TAKEOFFdhPdP9NavCmdInf) referenced from navcmdprocess.o(.rodata._ZL13NavCmdProcess)
 <LI><a href="#[e6]">_ZL17Msg24_GPS_RAW_INThP17__mavlink_message</a> from mavlinksendfuncs.o(.text._ZL17Msg24_GPS_RAW_INThP17__mavlink_message) referenced from mavlinksendfuncs.o(.rodata.Mavlink_Send_Funcs)
 <LI><a href="#[ec]">_ZL17Msg65_RC_CHANNELShP17__mavlink_message</a> from mavlinksendfuncs.o(.text._ZL17Msg65_RC_CHANNELShP17__mavlink_message) referenced from mavlinksendfuncs.o(.rodata.Mavlink_Send_Funcs)
 <LI><a href="#[f3]">_ZL17NavCmd16_WAYPOINTdhPdP9NavCmdInf</a> from navcmdprocess.o(.text._ZL17NavCmd16_WAYPOINTdhPdP9NavCmdInf) referenced from navcmdprocess.o(.rodata._ZL13NavCmdProcess)
 <LI><a href="#[c4]">_ZL18ControlSystem_TaskPv</a> from ctrl_main.o(.text._ZL18ControlSystem_TaskPv) referenced 2 times from ctrl_main.o(.text._Z18init_ControlSystemv)
 <LI><a href="#[db]">_ZL18Msg39_MISSION_ITEMhPK17__mavlink_message</a> from mavlinkrcprocess.o(.text._ZL18Msg39_MISSION_ITEMhPK17__mavlink_message) referenced from mavlinkrcprocess.o(.rodata.Mavlink_RC_Process)
 <LI><a href="#[e4]">_ZL18Msg76_COMMAND_LONGhPK17__mavlink_message</a> from mavlinkrcprocess.o(.text._ZL18Msg76_COMMAND_LONGhPK17__mavlink_message) referenced from mavlinkrcprocess.o(.rodata.Mavlink_RC_Process)
 <LI><a href="#[c6]">_ZL18OpticalFlow_ServerPv</a> from drv_opticalflow.o(.text._ZL18OpticalFlow_ServerPv) referenced 2 times from drv_opticalflow.o(.text._Z20init_drv_OpticalFlowv)
 <LI><a href="#[df]">_ZL19Msg44_MISSION_COUNThPK17__mavlink_message</a> from mavlinkrcprocess.o(.text._ZL19Msg44_MISSION_COUNThPK17__mavlink_message) referenced from mavlinkrcprocess.o(.rodata.Mavlink_RC_Process)
 <LI><a href="#[d3]">_ZL21Cmd12_MAV_CMD_SET_RTChPK17__mavlink_message</a> from mavlinkcmdprocess.o(.text._ZL21Cmd12_MAV_CMD_SET_RTChPK17__mavlink_message) referenced from mavlinkcmdprocess.o(.rodata.Mavlink_CMD_Process)
 <LI><a href="#[dc]">_ZL21Msg40_MISSION_REQUESThPK17__mavlink_message</a> from mavlinkrcprocess.o(.text._ZL21Msg40_MISSION_REQUESThPK17__mavlink_message) referenced from mavlinkrcprocess.o(.rodata.Mavlink_RC_Process)
 <LI><a href="#[d1]">_ZL22Cmd10_MAV_CMD_SEND_WGAhPK17__mavlink_message</a> from mavlinkcmdprocess.o(.text._ZL22Cmd10_MAV_CMD_SEND_WGAhPK17__mavlink_message) referenced from mavlinkcmdprocess.o(.rodata.Mavlink_CMD_Process)
 <LI><a href="#[e3]">_ZL22Msg73_MISSION_ITEM_INThPK17__mavlink_message</a> from mavlinkrcprocess.o(.text._ZL22Msg73_MISSION_ITEM_INThPK17__mavlink_message) referenced from mavlinkrcprocess.o(.rodata.Mavlink_RC_Process)
 <LI><a href="#[d2]">_ZL23Cmd11_MAV_CMD_WRITE_WGAhPK17__mavlink_message</a> from mavlinkcmdprocess.o(.text._ZL23Cmd11_MAV_CMD_WRITE_WGAhPK17__mavlink_message) referenced from mavlinkcmdprocess.o(.rodata.Mavlink_CMD_Process)
 <LI><a href="#[e0]">_ZL23Msg45_MISSION_CLEAR_ALLhPK17__mavlink_message</a> from mavlinkrcprocess.o(.text._ZL23Msg45_MISSION_CLEAR_ALLhPK17__mavlink_message) referenced from mavlinkrcprocess.o(.rodata.Mavlink_RC_Process)
 <LI><a href="#[c5]">_ZL23UltrasonicTimerCallbackPv</a> from drv_ultrasonic.o(.text._ZL23UltrasonicTimerCallbackPv) referenced 2 times from drv_ultrasonic.o(.text._Z19init_drv_ultrasonicv)
 <LI><a href="#[d8]">_ZL24Msg20_PARAM_REQUEST_READhPK17__mavlink_message</a> from mavlinkrcprocess.o(.text._ZL24Msg20_PARAM_REQUEST_READhPK17__mavlink_message) referenced from mavlinkrcprocess.o(.rodata.Mavlink_RC_Process)
 <LI><a href="#[d9]">_ZL24Msg21_PARAM_REQUEST_LISThPK17__mavlink_message</a> from mavlinkrcprocess.o(.text._ZL24Msg21_PARAM_REQUEST_LISThPK17__mavlink_message) referenced from mavlinkrcprocess.o(.rodata.Mavlink_RC_Process)
 <LI><a href="#[e9]">_ZL24Msg32_LOCAL_POSITION_NEDhP17__mavlink_message</a> from mavlinksendfuncs.o(.text._ZL24Msg32_LOCAL_POSITION_NEDhP17__mavlink_message) referenced from mavlinksendfuncs.o(.rodata.Mavlink_Send_Funcs)
 <LI><a href="#[eb]">_ZL24Msg34_RC_CHANNELS_SCALEDhP17__mavlink_message</a> from mavlinksendfuncs.o(.text._ZL24Msg34_RC_CHANNELS_SCALEDhP17__mavlink_message) referenced from mavlinksendfuncs.o(.rodata.Mavlink_Send_Funcs)
 <LI><a href="#[e8]">_ZL25Msg31_ATTITUDE_QUATERNIONhP17__mavlink_message</a> from mavlinksendfuncs.o(.text._ZL25Msg31_ATTITUDE_QUATERNIONhP17__mavlink_message) referenced from mavlinksendfuncs.o(.rodata.Mavlink_Send_Funcs)
 <LI><a href="#[ea]">_ZL25Msg33_GLOBAL_POSITION_INThP17__mavlink_message</a> from mavlinksendfuncs.o(.text._ZL25Msg33_GLOBAL_POSITION_INThP17__mavlink_message) referenced from mavlinksendfuncs.o(.rodata.Mavlink_Send_Funcs)
 <LI><a href="#[dd]">_ZL25Msg41_MISSION_SET_CURRENThPK17__mavlink_message</a> from mavlinkrcprocess.o(.text._ZL25Msg41_MISSION_SET_CURRENThPK17__mavlink_message) referenced from mavlinkrcprocess.o(.rodata.Mavlink_RC_Process)
 <LI><a href="#[e1]">_ZL25Msg51_MISSION_REQUEST_INThPK17__mavlink_message</a> from mavlinkrcprocess.o(.text._ZL25Msg51_MISSION_REQUEST_INThPK17__mavlink_message) referenced from mavlinkrcprocess.o(.rodata.Mavlink_RC_Process)
 <LI><a href="#[e2]">_ZL25Msg66_REQUEST_DATA_STREAMhPK17__mavlink_message</a> from mavlinkrcprocess.o(.text._ZL25Msg66_REQUEST_DATA_STREAMhPK17__mavlink_message) referenced from mavlinkrcprocess.o(.rodata.Mavlink_RC_Process)
 <LI><a href="#[f4]">_ZL25NavCmd20_RETURN_TO_LAUNCHdhPdP9NavCmdInf</a> from navcmdprocess.o(.text._ZL25NavCmd20_RETURN_TO_LAUNCHdhPdP9NavCmdInf) referenced from navcmdprocess.o(.rodata._ZL13NavCmdProcess)
 <LI><a href="#[de]">_ZL26Msg43_MISSION_REQUEST_LISThPK17__mavlink_message</a> from mavlinkrcprocess.o(.text._ZL26Msg43_MISSION_REQUEST_LISThPK17__mavlink_message) referenced from mavlinkrcprocess.o(.rodata.Mavlink_RC_Process)
 <LI><a href="#[d4]">_ZL35Cmd511_MAV_CMD_SET_MESSAGE_INTERVALhPK17__mavlink_message</a> from mavlinkcmdprocess.o(.text._ZL35Cmd511_MAV_CMD_SET_MESSAGE_INTERVALhPK17__mavlink_message) referenced from mavlinkcmdprocess.o(.rodata.Mavlink_CMD_Process)
 <LI><a href="#[f8]">_ZL38InflightCmd178_MAV_CMD_DO_CHANGE_SPEEDtPd</a> from inflightcmdprocess.o(.text._ZL38InflightCmd178_MAV_CMD_DO_CHANGE_SPEEDtPd) referenced from inflightcmdprocess.o(.rodata._ZL18InflightCmdProcess)
 <LI><a href="#[d5]">_ZL39Cmd519_MAV_CMD_REQUEST_PROTOCOL_VERSIONhPK17__mavlink_message</a> from mavlinkcmdprocess.o(.text._ZL39Cmd519_MAV_CMD_REQUEST_PROTOCOL_VERSIONhPK17__mavlink_message) referenced from mavlinkcmdprocess.o(.rodata.Mavlink_CMD_Process)
 <LI><a href="#[f9]">_ZL39InflightCmd205_MAV_CMD_DO_MOUNT_CONTROLtPd</a> from inflightcmdprocess.o(.text._ZL39InflightCmd205_MAV_CMD_DO_MOUNT_CONTROLtPd) referenced from inflightcmdprocess.o(.rodata._ZL18InflightCmdProcess)
 <LI><a href="#[fa]">_ZL44InflightCmd206_MAV_CMD_DO_SET_CAM_TRIGG_DISTtPd</a> from inflightcmdprocess.o(.text._ZL44InflightCmd206_MAV_CMD_DO_SET_CAM_TRIGG_DISTtPd) referenced from inflightcmdprocess.o(.rodata._ZL18InflightCmdProcess)
 <LI><a href="#[a0]">_ZL5TxTCBPvj</a> from drv_uart5.o(.text._ZL5TxTCBPvj) referenced 2 times from drv_uart5.o(.text.UART5_IRQHandler)
 <LI><a href="#[a1]">_ZL5TxTCBPvj</a> from drv_uart7.o(.text._ZL5TxTCBPvj) referenced 2 times from drv_uart7.o(.text.UART7_IRQHandler)
 <LI><a href="#[a2]">_ZL5TxTCBPvj</a> from drv_uart8.o(.text._ZL5TxTCBPvj) referenced 2 times from drv_uart8.o(.text.UART8_IRQHandler)
 <LI><a href="#[a3]">_ZL5TxTCBPvj</a> from drv_uart1.o(.text._ZL5TxTCBPvj) referenced 2 times from drv_uart1.o(.text.USART1_IRQHandler)
 <LI><a href="#[a5]">_ZL5TxTCBPvj</a> from drv_uart3.o(.text._ZL5TxTCBPvj) referenced 2 times from drv_uart3.o(.text.USART3_IRQHandler)
 <LI><a href="#[b8]">_ZL8SDS_TaskPv</a> from sdstorage.o(.text._ZL8SDS_TaskPv) referenced 2 times from sdstorage.o(.text._Z14init_SDStoragev)
 <LI><a href="#[9c]">_ZL8SPL06TCBPvj</a> from drv_sensors.o(.text._ZL8SPL06TCBPvj) referenced 2 times from drv_sensors.o(.text.DMA1_Stream1_IRQHandler)
 <LI><a href="#[9b]">_ZL9AK8975TCBPvj</a> from drv_sensors.o(.text._ZL9AK8975TCBPvj) referenced 2 times from drv_sensors.o(.text.DMA1_Stream1_IRQHandler)
 <LI><a href="#[fb]">M10_RCCalib::main_func(void*, unsigned)</a> from m10_rccalib.o(.text._ZN11M10_RCCalib9main_funcEPvj) referenced from m10_rccalib.o(.rodata._ZTV11M10_RCCalib)
 <LI><a href="#[fc]">M30_AttCtrl::main_func(void*, unsigned)</a> from m30_attctrl.o(.text._ZN11M30_AttCtrl9main_funcEPvj) referenced from m30_attctrl.o(.rodata._ZTV11M30_AttCtrl)
 <LI><a href="#[fd]">M32_PosCtrl::main_func(void*, unsigned)</a> from m32_posctrl.o(.text._ZN11M32_PosCtrl9main_funcEPvj) referenced from m32_posctrl.o(.rodata._ZTV11M32_PosCtrl)
 <LI><a href="#[fe]">M12_AccCalib::main_func(void*, unsigned)</a> from m12_acccalib.o(.text._ZN12M12_AccCalib9main_funcEPvj) referenced from m12_acccalib.o(.rodata._ZTV12M12_AccCalib)
 <LI><a href="#[ff]">M13_MagCalib::main_func(void*, unsigned)</a> from m13_magcalib.o(.text._ZN12M13_MagCalib9main_funcEPvj) referenced from m13_magcalib.o(.rodata._ZTV12M13_MagCalib)
 <LI><a href="#[100]">M11_TempCalib::main_func(void*, unsigned)</a> from m11_tempcalib.o(.text._ZN13M11_TempCalib9main_funcEPvj) referenced from m11_tempcalib.o(.rodata._ZTV13M11_TempCalib)
 <LI><a href="#[101]">M35_Auto1::main_func(void*, unsigned)</a> from m35_auto1.o(.text._ZN9M35_Auto19main_funcEPvj) referenced from m35_auto1.o(.rodata._ZTV9M35_Auto1)
 <LI><a href="#[a8]">RingQueue&lang;Quaternion&rang;::~RingQueue__sub_object()</a> from ms_attitude.o(.text._ZN9RingQueueI10QuaternionED2Ev) referenced 2 times from ms_attitude.o(.text._GLOBAL__sub_I_MS_Attitude.cpp)
 <LI><a href="#[a7]">RingQueue&lang;vector3&lang;double&rang;&rang;::~RingQueue__sub_object()</a> from ms_attitude.o(.text._ZN9RingQueueI7vector3IdEED2Ev) referenced 2 times from ms_attitude.o(.text._GLOBAL__sub_I_MS_Attitude.cpp)
 <LI><a href="#[a7]">RingQueue&lang;vector3&lang;double&rang;&rang;::~RingQueue__sub_object()</a> from ms_attitude.o(.text._ZN9RingQueueI7vector3IdEED2Ev) referenced 2 times from ms_position.o(.text._GLOBAL__sub_I_MS_Position.cpp)
 <LI><a href="#[ab]">std::__1::map&lang;SName, ReceiverSync, std::__1::less&lang;SName&rang;, std::__1::allocator&lang;std::__1::pair&lang;const SName, ReceiverSync&rang;&rang;&rang;::~map__sub_object()</a> from receiver.o(.text._ZNSt3__13mapI5SName12ReceiverSyncNS_4lessIS1_EENS_9allocatorINS_4pairIKS1_S2_EEEEED2Ev) referenced 2 times from receiver.o(.text._GLOBAL__sub_I_Receiver.cpp)
 <LI><a href="#[aa]">std::__1::map&lang;SName, Param, std::__1::less&lang;SName&rang;, std::__1::allocator&lang;std::__1::pair&lang;const SName, Param&rang;&rang;&rang;::~map__sub_object()</a> from parameters.o(.text._ZNSt3__13mapI5SName5ParamNS_4lessIS1_EENS_9allocatorINS_4pairIKS1_S2_EEEEED2Ev) referenced 2 times from parameters.o(.text._GLOBAL__sub_I_Parameters.cpp)
 <LI><a href="#[a9]">std::__1::map&lang;SName, ParamGroup*, std::__1::less&lang;SName&rang;, std::__1::allocator&lang;std::__1::pair&lang;const SName, ParamGroup*&rang;&rang;&rang;::~map__sub_object()</a> from parameters.o(.text._ZNSt3__13mapI5SNameP10ParamGroupNS_4lessIS1_EENS_9allocatorINS_4pairIKS1_S3_EEEEED2Ev) referenced 2 times from parameters.o(.text._GLOBAL__sub_I_Parameters.cpp)
 <LI><a href="#[102]">__cxa_pure_virtual</a> from cxa_virtual.cpp.o(.text.__cxa_pure_virtual) referenced from m10_rccalib.o(.rodata._ZTV9Mode_Base)
 <LI><a href="#[a6]">__cxx_global_array_dtor</a> from commulink.o(.text.__cxx_global_array_dtor) referenced 2 times from commulink.o(.text._GLOBAL__sub_I_Commulink.cpp)
 <LI><a href="#[96]">__main</a> from __main.o(!!!main) referenced from startup_stm32h743xx.o(.text)
 <LI><a href="#[98]">_printf_input_char</a> from _printf_char_common.o(.text) referenced from _printf_char_common.o(.text)
 <LI><a href="#[97]">_sputc</a> from _sputc.o(.text) referenced from __2sprintf.o(.text)
 <LI><a href="#[107]">cdcd_control_complete</a> from cdc_device.o(.text.cdcd_control_complete) referenced from usbd.o(.rodata._usbd_driver)
 <LI><a href="#[106]">cdcd_control_request</a> from cdc_device.o(.text.cdcd_control_request) referenced from usbd.o(.rodata._usbd_driver)
 <LI><a href="#[103]">cdcd_init</a> from cdc_device.o(.text.cdcd_init) referenced from usbd.o(.rodata._usbd_driver)
 <LI><a href="#[105]">cdcd_open</a> from cdc_device.o(.text.cdcd_open) referenced from usbd.o(.rodata._usbd_driver)
 <LI><a href="#[104]">cdcd_reset</a> from cdc_device.o(.text.cdcd_reset) referenced from usbd.o(.rodata._usbd_driver)
 <LI><a href="#[108]">cdcd_xfer_cb</a> from cdc_device.o(.text.cdcd_xfer_cb) referenced from usbd.o(.rodata._usbd_driver)
 <LI><a href="#[10d]">mscd_control_complete</a> from msc_device.o(.text.mscd_control_complete) referenced from usbd.o(.rodata._usbd_driver)
 <LI><a href="#[10c]">mscd_control_request</a> from msc_device.o(.text.mscd_control_request) referenced from usbd.o(.rodata._usbd_driver)
 <LI><a href="#[109]">mscd_init</a> from msc_device.o(.text.mscd_init) referenced from usbd.o(.rodata._usbd_driver)
 <LI><a href="#[10b]">mscd_open</a> from msc_device.o(.text.mscd_open) referenced from usbd.o(.rodata._usbd_driver)
 <LI><a href="#[10a]">mscd_reset</a> from msc_device.o(.text.mscd_reset) referenced from usbd.o(.rodata._usbd_driver)
 <LI><a href="#[10e]">mscd_xfer_cb</a> from msc_device.o(.text.mscd_xfer_cb) referenced from usbd.o(.rodata._usbd_driver)
 <LI><a href="#[ca]">prvIdleTask</a> from tasks.o(.text.prvIdleTask) referenced 2 times from tasks.o(.text.vTaskStartScheduler)
 <LI><a href="#[c9]">prvTaskExitError</a> from port.o(.text.prvTaskExitError) referenced 2 times from port.o(.text.pxPortInitialiseStack)
 <LI><a href="#[cb]">prvTimerTask</a> from timers.o(.text.prvTimerTask) referenced 2 times from timers.o(.text.xTimerCreateTimerTask)
 <LI><a href="#[9d]">vEventGroupSetBitsCallback</a> from event_groups.o(.text.vEventGroupSetBitsCallback) referenced 2 times from gui.o(.text.DMA2D_IRQHandler)
 <LI><a href="#[9d]">vEventGroupSetBitsCallback</a> from event_groups.o(.text.vEventGroupSetBitsCallback) referenced 2 times from drv_extiic.o(.text.I2C1_ER_IRQHandler)
 <LI><a href="#[9d]">vEventGroupSetBitsCallback</a> from event_groups.o(.text.vEventGroupSetBitsCallback) referenced 2 times from drv_extiic.o(.text.I2C1_EV_IRQHandler)
 <LI><a href="#[9d]">vEventGroupSetBitsCallback</a> from event_groups.o(.text.vEventGroupSetBitsCallback) referenced 2 times from drv_flash.o(.text.QUADSPI_IRQHandler)
 <LI><a href="#[9d]">vEventGroupSetBitsCallback</a> from event_groups.o(.text.vEventGroupSetBitsCallback) referenced 2 times from drv_oled.o(.text.SPI4_IRQHandler)
</UL>
<P>
<H3>
Global Symbols
</H3>
<P><STRONG><a name="[96]"></a>__main</STRONG> (Thumb, 8 bytes, Stack size 0 bytes, __main.o(!!!main))
<BR><BR>[Calls]<UL><LI><a href="#[125]">&gt;&gt;</a>&nbsp;&nbsp;&nbsp;__rt_entry
<LI><a href="#[124]">&gt;&gt;</a>&nbsp;&nbsp;&nbsp;__scatterload
</UL>
<BR>[Address Reference Count : 1]<UL><LI> startup_stm32h743xx.o(.text)
</UL>
<P><STRONG><a name="[124]"></a>__scatterload</STRONG> (Thumb, 0 bytes, Stack size unknown bytes, __scatter.o(!!!scatter))
<BR><BR>[Called By]<UL><LI><a href="#[96]">&gt;&gt;</a>&nbsp;&nbsp;&nbsp;__main
</UL>

<P><STRONG><a name="[126]"></a>__scatterload_rt2</STRONG> (Thumb, 44 bytes, Stack size unknown bytes, __scatter.o(!!!scatter), UNUSED)
<BR><BR>[Calls]<UL><LI><a href="#[125]">&gt;&gt;</a>&nbsp;&nbsp;&nbsp;__rt_entry
</UL>

<P><STRONG><a name="[432]"></a>__scatterload_rt2_thumb_only</STRONG> (Thumb, 0 bytes, Stack size unknown bytes, __scatter.o(!!!scatter), UNUSED)

<P><STRONG><a name="[433]"></a>__scatterload_null</STRONG> (Thumb, 0 bytes, Stack size unknown bytes, __scatter.o(!!!scatter), UNUSED)

<P><STRONG><a name="[434]"></a>__decompress</STRONG> (Thumb, 90 bytes, Stack size unknown bytes, __dczerorl2.o(!!dczerorl2), UNUSED)

<P><STRONG><a name="[435]"></a>__decompress1</STRONG> (Thumb, 0 bytes, Stack size unknown bytes, __dczerorl2.o(!!dczerorl2), UNUSED)

<P><STRONG><a name="[436]"></a>__scatterload_zeroinit</STRONG> (Thumb, 28 bytes, Stack size unknown bytes, __scatter_zi.o(!!handler_zi), UNUSED)

<P><STRONG><a name="[127]"></a>_printf_f</STRONG> (Thumb, 0 bytes, Stack size unknown bytes, _printf_f.o(.ARM.Collect$$_printf_percent$$00000003))
<BR><BR>[Stack]<UL><LI>Max Depth = 324 + Unknown Stack Size
<LI>Call Chain = _printf_f &rArr; _printf_fp_dec &rArr; _printf_fp_dec_real &rArr; _fp_digits &rArr; _btod_etento &rArr; _btod_emul &rArr; _e2e
</UL>
<BR>[Calls]<UL><LI><a href="#[128]">&gt;&gt;</a>&nbsp;&nbsp;&nbsp;_printf_fp_dec
</UL>

<P><STRONG><a name="[146]"></a>_printf_percent</STRONG> (Thumb, 0 bytes, Stack size unknown bytes, _printf_percent.o(.ARM.Collect$$_printf_percent$$00000000))
<BR><BR>[Called By]<UL><LI><a href="#[144]">&gt;&gt;</a>&nbsp;&nbsp;&nbsp;__printf
</UL>

<P><STRONG><a name="[129]"></a>_printf_d</STRONG> (Thumb, 0 bytes, Stack size unknown bytes, _printf_d.o(.ARM.Collect$$_printf_percent$$00000009))
<BR><BR>[Stack]<UL><LI>Max Depth = 72 + Unknown Stack Size
<LI>Call Chain = _printf_d &rArr; _printf_int_dec &rArr; _printf_int_common &rArr; _printf_post_padding
</UL>
<BR>[Calls]<UL><LI><a href="#[12a]">&gt;&gt;</a>&nbsp;&nbsp;&nbsp;_printf_int_dec
</UL>

<P><STRONG><a name="[437]"></a>_printf_percent_end</STRONG> (Thumb, 0 bytes, Stack size unknown bytes, _printf_percent_end.o(.ARM.Collect$$_printf_percent$$00000017))

<P><STRONG><a name="[139]"></a>__rt_lib_init</STRONG> (Thumb, 0 bytes, Stack size unknown bytes, libinit.o(.ARM.Collect$$libinit$$00000000))
<BR><BR>[Called By]<UL><LI><a href="#[138]">&gt;&gt;</a>&nbsp;&nbsp;&nbsp;__rt_entry_li
</UL>

<P><STRONG><a name="[12b]"></a>__rt_lib_init_fp_1</STRONG> (Thumb, 0 bytes, Stack size unknown bytes, libinit2.o(.ARM.Collect$$libinit$$00000001))
<BR><BR>[Calls]<UL><LI><a href="#[12c]">&gt;&gt;</a>&nbsp;&nbsp;&nbsp;_fp_init
</UL>

<P><STRONG><a name="[12d]"></a>__rt_lib_init_heap_2</STRONG> (Thumb, 0 bytes, Stack size unknown bytes, libinit2.o(.ARM.Collect$$libinit$$00000005))
<BR><BR>[Stack]<UL><LI>Max Depth = 56 + Unknown Stack Size
<LI>Call Chain = __rt_lib_init_heap_2 &rArr; _init_alloc &rArr; __rt_SIGRTMEM &rArr; __rt_SIGRTMEM_inner &rArr; __default_signal_display
</UL>
<BR>[Calls]<UL><LI><a href="#[12e]">&gt;&gt;</a>&nbsp;&nbsp;&nbsp;_init_alloc
</UL>

<P><STRONG><a name="[438]"></a>__rt_lib_init_preinit_1</STRONG> (Thumb, 0 bytes, Stack size unknown bytes, libinit2.o(.ARM.Collect$$libinit$$00000004))

<P><STRONG><a name="[439]"></a>__rt_lib_init_heap_1</STRONG> (Thumb, 0 bytes, Stack size unknown bytes, libinit2.o(.ARM.Collect$$libinit$$0000000A))

<P><STRONG><a name="[12f]"></a>__rt_lib_init_lc_common</STRONG> (Thumb, 0 bytes, Stack size unknown bytes, libinit2.o(.ARM.Collect$$libinit$$0000000F))
<BR><BR>[Calls]<UL><LI><a href="#[130]">&gt;&gt;</a>&nbsp;&nbsp;&nbsp;__rt_locale
</UL>

<P><STRONG><a name="[43a]"></a>__rt_lib_init_rand_1</STRONG> (Thumb, 0 bytes, Stack size unknown bytes, libinit2.o(.ARM.Collect$$libinit$$0000000E))

<P><STRONG><a name="[43b]"></a>__rt_lib_init_user_alloc_1</STRONG> (Thumb, 0 bytes, Stack size unknown bytes, libinit2.o(.ARM.Collect$$libinit$$0000000C))

<P><STRONG><a name="[43c]"></a>__rt_lib_init_lc_collate_1</STRONG> (Thumb, 0 bytes, Stack size unknown bytes, libinit2.o(.ARM.Collect$$libinit$$00000011))

<P><STRONG><a name="[43d]"></a>__rt_lib_init_lc_ctype_1</STRONG> (Thumb, 0 bytes, Stack size unknown bytes, libinit2.o(.ARM.Collect$$libinit$$00000013))

<P><STRONG><a name="[43e]"></a>__rt_lib_init_lc_monetary_1</STRONG> (Thumb, 0 bytes, Stack size unknown bytes, libinit2.o(.ARM.Collect$$libinit$$00000015))

<P><STRONG><a name="[131]"></a>__rt_lib_init_lc_numeric_2</STRONG> (Thumb, 0 bytes, Stack size unknown bytes, libinit2.o(.ARM.Collect$$libinit$$00000016))
<BR><BR>[Stack]<UL><LI>Max Depth = 16 + Unknown Stack Size
<LI>Call Chain = __rt_lib_init_lc_numeric_2 &rArr; _get_lc_numeric &rArr; strcmp
</UL>
<BR>[Calls]<UL><LI><a href="#[132]">&gt;&gt;</a>&nbsp;&nbsp;&nbsp;_get_lc_numeric
</UL>

<P><STRONG><a name="[43f]"></a>__rt_lib_init_alloca_1</STRONG> (Thumb, 0 bytes, Stack size unknown bytes, libinit2.o(.ARM.Collect$$libinit$$0000002E))

<P><STRONG><a name="[440]"></a>__rt_lib_init_argv_1</STRONG> (Thumb, 0 bytes, Stack size unknown bytes, libinit2.o(.ARM.Collect$$libinit$$0000002C))

<P><STRONG><a name="[441]"></a>__rt_lib_init_atexit_1</STRONG> (Thumb, 0 bytes, Stack size unknown bytes, libinit2.o(.ARM.Collect$$libinit$$0000001B))

<P><STRONG><a name="[442]"></a>__rt_lib_init_clock_1</STRONG> (Thumb, 0 bytes, Stack size unknown bytes, libinit2.o(.ARM.Collect$$libinit$$00000021))

<P><STRONG><a name="[133]"></a>__rt_lib_init_cpp_2</STRONG> (Thumb, 0 bytes, Stack size unknown bytes, libinit2.o(.ARM.Collect$$libinit$$00000031))
<BR><BR>[Stack]<UL><LI>Max Depth = 16 + Unknown Stack Size
<LI>Call Chain = __rt_lib_init_cpp_2 &rArr; __cpp_initialize__aeabi_
</UL>
<BR>[Calls]<UL><LI><a href="#[123]">&gt;&gt;</a>&nbsp;&nbsp;&nbsp;__cpp_initialize__aeabi_
</UL>

<P><STRONG><a name="[443]"></a>__rt_lib_init_exceptions_1</STRONG> (Thumb, 0 bytes, Stack size unknown bytes, libinit2.o(.ARM.Collect$$libinit$$00000030))

<P><STRONG><a name="[444]"></a>__rt_lib_init_fp_trap_1</STRONG> (Thumb, 0 bytes, Stack size unknown bytes, libinit2.o(.ARM.Collect$$libinit$$0000001F))

<P><STRONG><a name="[445]"></a>__rt_lib_init_getenv_1</STRONG> (Thumb, 0 bytes, Stack size unknown bytes, libinit2.o(.ARM.Collect$$libinit$$00000023))

<P><STRONG><a name="[446]"></a>__rt_lib_init_lc_numeric_1</STRONG> (Thumb, 0 bytes, Stack size unknown bytes, libinit2.o(.ARM.Collect$$libinit$$00000017))

<P><STRONG><a name="[447]"></a>__rt_lib_init_lc_time_1</STRONG> (Thumb, 0 bytes, Stack size unknown bytes, libinit2.o(.ARM.Collect$$libinit$$00000019))

<P><STRONG><a name="[448]"></a>__rt_lib_init_signal_1</STRONG> (Thumb, 0 bytes, Stack size unknown bytes, libinit2.o(.ARM.Collect$$libinit$$0000001D))

<P><STRONG><a name="[449]"></a>__rt_lib_init_stdio_1</STRONG> (Thumb, 0 bytes, Stack size unknown bytes, libinit2.o(.ARM.Collect$$libinit$$00000025))

<P><STRONG><a name="[44a]"></a>__rt_lib_init_cpp_1</STRONG> (Thumb, 0 bytes, Stack size unknown bytes, libinit2.o(.ARM.Collect$$libinit$$00000032))

<P><STRONG><a name="[44b]"></a>__rt_lib_init_return</STRONG> (Thumb, 0 bytes, Stack size unknown bytes, libinit2.o(.ARM.Collect$$libinit$$00000033))

<P><STRONG><a name="[13e]"></a>__rt_lib_shutdown</STRONG> (Thumb, 0 bytes, Stack size unknown bytes, libshutdown.o(.ARM.Collect$$libshutdown$$00000000))
<BR><BR>[Called By]<UL><LI><a href="#[13d]">&gt;&gt;</a>&nbsp;&nbsp;&nbsp;__rt_exit_ls
<LI><a href="#[166]">&gt;&gt;</a>&nbsp;&nbsp;&nbsp;abort
</UL>

<P><STRONG><a name="[134]"></a>__rt_lib_shutdown_cpp_2</STRONG> (Thumb, 0 bytes, Stack size unknown bytes, libshutdown2.o(.ARM.Collect$$libshutdown$$00000001))
<BR><BR>[Stack]<UL><LI>Max Depth = 40 + Unknown Stack Size
<LI>Call Chain = __rt_lib_shutdown_cpp_2 &rArr; __cxa_finalize &rArr; free
</UL>
<BR>[Calls]<UL><LI><a href="#[135]">&gt;&gt;</a>&nbsp;&nbsp;&nbsp;__cxa_finalize
</UL>

<P><STRONG><a name="[44c]"></a>__rt_lib_shutdown_cpp_1</STRONG> (Thumb, 0 bytes, Stack size unknown bytes, libshutdown2.o(.ARM.Collect$$libshutdown$$00000002))

<P><STRONG><a name="[44d]"></a>__rt_lib_shutdown_fp_trap_1</STRONG> (Thumb, 0 bytes, Stack size unknown bytes, libshutdown2.o(.ARM.Collect$$libshutdown$$00000007))

<P><STRONG><a name="[44e]"></a>__rt_lib_shutdown_heap_1</STRONG> (Thumb, 0 bytes, Stack size unknown bytes, libshutdown2.o(.ARM.Collect$$libshutdown$$0000000F))

<P><STRONG><a name="[44f]"></a>__rt_lib_shutdown_return</STRONG> (Thumb, 0 bytes, Stack size unknown bytes, libshutdown2.o(.ARM.Collect$$libshutdown$$00000010))

<P><STRONG><a name="[450]"></a>__rt_lib_shutdown_signal_1</STRONG> (Thumb, 0 bytes, Stack size unknown bytes, libshutdown2.o(.ARM.Collect$$libshutdown$$0000000A))

<P><STRONG><a name="[451]"></a>__rt_lib_shutdown_stdio_1</STRONG> (Thumb, 0 bytes, Stack size unknown bytes, libshutdown2.o(.ARM.Collect$$libshutdown$$00000004))

<P><STRONG><a name="[452]"></a>__rt_lib_shutdown_user_alloc_1</STRONG> (Thumb, 0 bytes, Stack size unknown bytes, libshutdown2.o(.ARM.Collect$$libshutdown$$0000000C))

<P><STRONG><a name="[125]"></a>__rt_entry</STRONG> (Thumb, 0 bytes, Stack size unknown bytes, __rtentry.o(.ARM.Collect$$rtentry$$00000000))
<BR><BR>[Called By]<UL><LI><a href="#[96]">&gt;&gt;</a>&nbsp;&nbsp;&nbsp;__main
<LI><a href="#[126]">&gt;&gt;</a>&nbsp;&nbsp;&nbsp;__scatterload_rt2
</UL>

<P><STRONG><a name="[453]"></a>__rt_entry_presh_1</STRONG> (Thumb, 0 bytes, Stack size unknown bytes, __rtentry2.o(.ARM.Collect$$rtentry$$00000002))

<P><STRONG><a name="[136]"></a>__rt_entry_sh</STRONG> (Thumb, 0 bytes, Stack size unknown bytes, __rtentry4.o(.ARM.Collect$$rtentry$$00000004))
<BR><BR>[Stack]<UL><LI>Max Depth = 8 + Unknown Stack Size
<LI>Call Chain = __rt_entry_sh &rArr; __user_setup_stackheap
</UL>
<BR>[Calls]<UL><LI><a href="#[137]">&gt;&gt;</a>&nbsp;&nbsp;&nbsp;__user_setup_stackheap
</UL>

<P><STRONG><a name="[138]"></a>__rt_entry_li</STRONG> (Thumb, 0 bytes, Stack size unknown bytes, __rtentry2.o(.ARM.Collect$$rtentry$$0000000A))
<BR><BR>[Calls]<UL><LI><a href="#[139]">&gt;&gt;</a>&nbsp;&nbsp;&nbsp;__rt_lib_init
</UL>

<P><STRONG><a name="[454]"></a>__rt_entry_postsh_1</STRONG> (Thumb, 0 bytes, Stack size unknown bytes, __rtentry2.o(.ARM.Collect$$rtentry$$00000009))

<P><STRONG><a name="[13a]"></a>__rt_entry_main</STRONG> (Thumb, 0 bytes, Stack size unknown bytes, __rtentry2.o(.ARM.Collect$$rtentry$$0000000D))
<BR><BR>[Stack]<UL><LI>Max Depth = 512 + Unknown Stack Size
<LI>Call Chain = __rt_entry_main &rArr; main &rArr; init_Basic() &rArr; init_TimeBase() &rArr; xQueueCreateMutex &rArr; xQueueGenericSend &rArr; xTaskResumeAll &rArr; xTaskIncrementTick
</UL>
<BR>[Calls]<UL><LI><a href="#[13b]">&gt;&gt;</a>&nbsp;&nbsp;&nbsp;main
<LI><a href="#[13c]">&gt;&gt;</a>&nbsp;&nbsp;&nbsp;exit
</UL>

<P><STRONG><a name="[455]"></a>__rt_entry_postli_1</STRONG> (Thumb, 0 bytes, Stack size unknown bytes, __rtentry2.o(.ARM.Collect$$rtentry$$0000000C))

<P><STRONG><a name="[16f]"></a>__rt_exit</STRONG> (Thumb, 0 bytes, Stack size unknown bytes, rtexit.o(.ARM.Collect$$rtexit$$00000000))
<BR><BR>[Called By]<UL><LI><a href="#[13c]">&gt;&gt;</a>&nbsp;&nbsp;&nbsp;exit
</UL>

<P><STRONG><a name="[13d]"></a>__rt_exit_ls</STRONG> (Thumb, 0 bytes, Stack size unknown bytes, rtexit2.o(.ARM.Collect$$rtexit$$00000003))
<BR><BR>[Calls]<UL><LI><a href="#[13e]">&gt;&gt;</a>&nbsp;&nbsp;&nbsp;__rt_lib_shutdown
</UL>

<P><STRONG><a name="[456]"></a>__rt_exit_prels_1</STRONG> (Thumb, 0 bytes, Stack size unknown bytes, rtexit2.o(.ARM.Collect$$rtexit$$00000002))

<P><STRONG><a name="[13f]"></a>__rt_exit_exit</STRONG> (Thumb, 0 bytes, Stack size unknown bytes, rtexit2.o(.ARM.Collect$$rtexit$$00000004))
<BR><BR>[Calls]<UL><LI><a href="#[140]">&gt;&gt;</a>&nbsp;&nbsp;&nbsp;_sys_exit
</UL>

<P><STRONG><a name="[0]"></a>Reset_Handler</STRONG> (Thumb, 8 bytes, Stack size 0 bytes, startup_stm32h743xx.o(.text))
<BR>[Address Reference Count : 1]<UL><LI> startup_stm32h743xx.o(RESET)
</UL>
<P><STRONG><a name="[1]"></a>NMI_Handler</STRONG> (Thumb, 2 bytes, Stack size 0 bytes, startup_stm32h743xx.o(.text))
<BR><BR>[Calls]<UL><LI><a href="#[1]">&gt;&gt;</a>&nbsp;&nbsp;&nbsp;NMI_Handler
</UL>
<BR>[Called By]<UL><LI><a href="#[1]">&gt;&gt;</a>&nbsp;&nbsp;&nbsp;NMI_Handler
</UL>
<BR>[Address Reference Count : 1]<UL><LI> startup_stm32h743xx.o(RESET)
</UL>
<P><STRONG><a name="[3]"></a>MemManage_Handler</STRONG> (Thumb, 2 bytes, Stack size 0 bytes, startup_stm32h743xx.o(.text))
<BR><BR>[Calls]<UL><LI><a href="#[3]">&gt;&gt;</a>&nbsp;&nbsp;&nbsp;MemManage_Handler
</UL>
<BR>[Called By]<UL><LI><a href="#[3]">&gt;&gt;</a>&nbsp;&nbsp;&nbsp;MemManage_Handler
</UL>
<BR>[Address Reference Count : 1]<UL><LI> startup_stm32h743xx.o(RESET)
</UL>
<P><STRONG><a name="[4]"></a>BusFault_Handler</STRONG> (Thumb, 2 bytes, Stack size 0 bytes, startup_stm32h743xx.o(.text))
<BR><BR>[Calls]<UL><LI><a href="#[4]">&gt;&gt;</a>&nbsp;&nbsp;&nbsp;BusFault_Handler
</UL>
<BR>[Called By]<UL><LI><a href="#[4]">&gt;&gt;</a>&nbsp;&nbsp;&nbsp;BusFault_Handler
</UL>
<BR>[Address Reference Count : 1]<UL><LI> startup_stm32h743xx.o(RESET)
</UL>
<P><STRONG><a name="[5]"></a>UsageFault_Handler</STRONG> (Thumb, 2 bytes, Stack size 0 bytes, startup_stm32h743xx.o(.text))
<BR><BR>[Calls]<UL><LI><a href="#[5]">&gt;&gt;</a>&nbsp;&nbsp;&nbsp;UsageFault_Handler
</UL>
<BR>[Called By]<UL><LI><a href="#[5]">&gt;&gt;</a>&nbsp;&nbsp;&nbsp;UsageFault_Handler
</UL>
<BR>[Address Reference Count : 1]<UL><LI> startup_stm32h743xx.o(RESET)
</UL>
<P><STRONG><a name="[7]"></a>DebugMon_Handler</STRONG> (Thumb, 2 bytes, Stack size 0 bytes, startup_stm32h743xx.o(.text))
<BR><BR>[Calls]<UL><LI><a href="#[7]">&gt;&gt;</a>&nbsp;&nbsp;&nbsp;DebugMon_Handler
</UL>
<BR>[Called By]<UL><LI><a href="#[7]">&gt;&gt;</a>&nbsp;&nbsp;&nbsp;DebugMon_Handler
</UL>
<BR>[Address Reference Count : 1]<UL><LI> startup_stm32h743xx.o(RESET)
</UL>
<P><STRONG><a name="[81]"></a>ADC3_IRQHandler</STRONG> (Thumb, 0 bytes, Stack size 0 bytes, startup_stm32h743xx.o(.text))
<BR><BR>[Calls]<UL><LI><a href="#[81]">&gt;&gt;</a>&nbsp;&nbsp;&nbsp;ADC3_IRQHandler
</UL>
<BR>[Called By]<UL><LI><a href="#[81]">&gt;&gt;</a>&nbsp;&nbsp;&nbsp;ADC3_IRQHandler
</UL>
<BR>[Address Reference Count : 1]<UL><LI> startup_stm32h743xx.o(RESET)
</UL>
<P><STRONG><a name="[1c]"></a>ADC_IRQHandler</STRONG> (Thumb, 0 bytes, Stack size 0 bytes, startup_stm32h743xx.o(.text))
<BR>[Address Reference Count : 1]<UL><LI> startup_stm32h743xx.o(RESET)
</UL>
<P><STRONG><a name="[83]"></a>BDMA_Channel0_IRQHandler</STRONG> (Thumb, 0 bytes, Stack size 0 bytes, startup_stm32h743xx.o(.text))
<BR>[Address Reference Count : 1]<UL><LI> startup_stm32h743xx.o(RESET)
</UL>
<P><STRONG><a name="[84]"></a>BDMA_Channel1_IRQHandler</STRONG> (Thumb, 0 bytes, Stack size 0 bytes, startup_stm32h743xx.o(.text))
<BR>[Address Reference Count : 1]<UL><LI> startup_stm32h743xx.o(RESET)
</UL>
<P><STRONG><a name="[85]"></a>BDMA_Channel2_IRQHandler</STRONG> (Thumb, 0 bytes, Stack size 0 bytes, startup_stm32h743xx.o(.text))
<BR>[Address Reference Count : 1]<UL><LI> startup_stm32h743xx.o(RESET)
</UL>
<P><STRONG><a name="[86]"></a>BDMA_Channel3_IRQHandler</STRONG> (Thumb, 0 bytes, Stack size 0 bytes, startup_stm32h743xx.o(.text))
<BR>[Address Reference Count : 1]<UL><LI> startup_stm32h743xx.o(RESET)
</UL>
<P><STRONG><a name="[87]"></a>BDMA_Channel4_IRQHandler</STRONG> (Thumb, 0 bytes, Stack size 0 bytes, startup_stm32h743xx.o(.text))
<BR>[Address Reference Count : 1]<UL><LI> startup_stm32h743xx.o(RESET)
</UL>
<P><STRONG><a name="[88]"></a>BDMA_Channel5_IRQHandler</STRONG> (Thumb, 0 bytes, Stack size 0 bytes, startup_stm32h743xx.o(.text))
<BR>[Address Reference Count : 1]<UL><LI> startup_stm32h743xx.o(RESET)
</UL>
<P><STRONG><a name="[89]"></a>BDMA_Channel6_IRQHandler</STRONG> (Thumb, 0 bytes, Stack size 0 bytes, startup_stm32h743xx.o(.text))
<BR>[Address Reference Count : 1]<UL><LI> startup_stm32h743xx.o(RESET)
</UL>
<P><STRONG><a name="[8a]"></a>BDMA_Channel7_IRQHandler</STRONG> (Thumb, 0 bytes, Stack size 0 bytes, startup_stm32h743xx.o(.text))
<BR>[Address Reference Count : 1]<UL><LI> startup_stm32h743xx.o(RESET)
</UL>
<P><STRONG><a name="[62]"></a>CEC_IRQHandler</STRONG> (Thumb, 0 bytes, Stack size 0 bytes, startup_stm32h743xx.o(.text))
<BR>[Address Reference Count : 1]<UL><LI> startup_stm32h743xx.o(RESET)
</UL>
<P><STRONG><a name="[8b]"></a>COMP1_IRQHandler</STRONG> (Thumb, 0 bytes, Stack size 0 bytes, startup_stm32h743xx.o(.text))
<BR>[Address Reference Count : 1]<UL><LI> startup_stm32h743xx.o(RESET)
</UL>
<P><STRONG><a name="[91]"></a>CRS_IRQHandler</STRONG> (Thumb, 0 bytes, Stack size 0 bytes, startup_stm32h743xx.o(.text))
<BR>[Address Reference Count : 1]<UL><LI> startup_stm32h743xx.o(RESET)
</UL>
<P><STRONG><a name="[53]"></a>DCMI_IRQHandler</STRONG> (Thumb, 0 bytes, Stack size 0 bytes, startup_stm32h743xx.o(.text))
<BR>[Address Reference Count : 1]<UL><LI> startup_stm32h743xx.o(RESET)
</UL>
<P><STRONG><a name="[72]"></a>DFSDM1_FLT0_IRQHandler</STRONG> (Thumb, 0 bytes, Stack size 0 bytes, startup_stm32h743xx.o(.text))
<BR>[Address Reference Count : 1]<UL><LI> startup_stm32h743xx.o(RESET)
</UL>
<P><STRONG><a name="[73]"></a>DFSDM1_FLT1_IRQHandler</STRONG> (Thumb, 0 bytes, Stack size 0 bytes, startup_stm32h743xx.o(.text))
<BR>[Address Reference Count : 1]<UL><LI> startup_stm32h743xx.o(RESET)
</UL>
<P><STRONG><a name="[74]"></a>DFSDM1_FLT2_IRQHandler</STRONG> (Thumb, 0 bytes, Stack size 0 bytes, startup_stm32h743xx.o(.text))
<BR>[Address Reference Count : 1]<UL><LI> startup_stm32h743xx.o(RESET)
</UL>
<P><STRONG><a name="[75]"></a>DFSDM1_FLT3_IRQHandler</STRONG> (Thumb, 0 bytes, Stack size 0 bytes, startup_stm32h743xx.o(.text))
<BR>[Address Reference Count : 1]<UL><LI> startup_stm32h743xx.o(RESET)
</UL>
<P><STRONG><a name="[15]"></a>DMA1_Stream0_IRQHandler</STRONG> (Thumb, 0 bytes, Stack size 0 bytes, startup_stm32h743xx.o(.text))
<BR>[Address Reference Count : 1]<UL><LI> startup_stm32h743xx.o(RESET)
</UL>
<P><STRONG><a name="[17]"></a>DMA1_Stream2_IRQHandler</STRONG> (Thumb, 0 bytes, Stack size 0 bytes, startup_stm32h743xx.o(.text))
<BR>[Address Reference Count : 1]<UL><LI> startup_stm32h743xx.o(RESET)
</UL>
<P><STRONG><a name="[18]"></a>DMA1_Stream3_IRQHandler</STRONG> (Thumb, 0 bytes, Stack size 0 bytes, startup_stm32h743xx.o(.text))
<BR>[Address Reference Count : 1]<UL><LI> startup_stm32h743xx.o(RESET)
</UL>
<P><STRONG><a name="[19]"></a>DMA1_Stream4_IRQHandler</STRONG> (Thumb, 0 bytes, Stack size 0 bytes, startup_stm32h743xx.o(.text))
<BR>[Address Reference Count : 1]<UL><LI> startup_stm32h743xx.o(RESET)
</UL>
<P><STRONG><a name="[1a]"></a>DMA1_Stream5_IRQHandler</STRONG> (Thumb, 0 bytes, Stack size 0 bytes, startup_stm32h743xx.o(.text))
<BR>[Address Reference Count : 1]<UL><LI> startup_stm32h743xx.o(RESET)
</UL>
<P><STRONG><a name="[1b]"></a>DMA1_Stream6_IRQHandler</STRONG> (Thumb, 0 bytes, Stack size 0 bytes, startup_stm32h743xx.o(.text))
<BR>[Address Reference Count : 1]<UL><LI> startup_stm32h743xx.o(RESET)
</UL>
<P><STRONG><a name="[38]"></a>DMA1_Stream7_IRQHandler</STRONG> (Thumb, 0 bytes, Stack size 0 bytes, startup_stm32h743xx.o(.text))
<BR>[Address Reference Count : 1]<UL><LI> startup_stm32h743xx.o(RESET)
</UL>
<P><STRONG><a name="[41]"></a>DMA2_Stream0_IRQHandler</STRONG> (Thumb, 0 bytes, Stack size 0 bytes, startup_stm32h743xx.o(.text))
<BR>[Address Reference Count : 1]<UL><LI> startup_stm32h743xx.o(RESET)
</UL>
<P><STRONG><a name="[42]"></a>DMA2_Stream1_IRQHandler</STRONG> (Thumb, 0 bytes, Stack size 0 bytes, startup_stm32h743xx.o(.text))
<BR>[Address Reference Count : 1]<UL><LI> startup_stm32h743xx.o(RESET)
</UL>
<P><STRONG><a name="[43]"></a>DMA2_Stream2_IRQHandler</STRONG> (Thumb, 0 bytes, Stack size 0 bytes, startup_stm32h743xx.o(.text))
<BR>[Address Reference Count : 1]<UL><LI> startup_stm32h743xx.o(RESET)
</UL>
<P><STRONG><a name="[44]"></a>DMA2_Stream3_IRQHandler</STRONG> (Thumb, 0 bytes, Stack size 0 bytes, startup_stm32h743xx.o(.text))
<BR>[Address Reference Count : 1]<UL><LI> startup_stm32h743xx.o(RESET)
</UL>
<P><STRONG><a name="[45]"></a>DMA2_Stream4_IRQHandler</STRONG> (Thumb, 0 bytes, Stack size 0 bytes, startup_stm32h743xx.o(.text))
<BR>[Address Reference Count : 1]<UL><LI> startup_stm32h743xx.o(RESET)
</UL>
<P><STRONG><a name="[49]"></a>DMA2_Stream5_IRQHandler</STRONG> (Thumb, 0 bytes, Stack size 0 bytes, startup_stm32h743xx.o(.text))
<BR>[Address Reference Count : 1]<UL><LI> startup_stm32h743xx.o(RESET)
</UL>
<P><STRONG><a name="[4a]"></a>DMA2_Stream6_IRQHandler</STRONG> (Thumb, 0 bytes, Stack size 0 bytes, startup_stm32h743xx.o(.text))
<BR>[Address Reference Count : 1]<UL><LI> startup_stm32h743xx.o(RESET)
</UL>
<P><STRONG><a name="[4b]"></a>DMA2_Stream7_IRQHandler</STRONG> (Thumb, 0 bytes, Stack size 0 bytes, startup_stm32h743xx.o(.text))
<BR>[Address Reference Count : 1]<UL><LI> startup_stm32h743xx.o(RESET)
</UL>
<P><STRONG><a name="[6a]"></a>DMAMUX1_OVR_IRQHandler</STRONG> (Thumb, 0 bytes, Stack size 0 bytes, startup_stm32h743xx.o(.text))
<BR>[Address Reference Count : 1]<UL><LI> startup_stm32h743xx.o(RESET)
</UL>
<P><STRONG><a name="[82]"></a>DMAMUX2_OVR_IRQHandler</STRONG> (Thumb, 0 bytes, Stack size 0 bytes, startup_stm32h743xx.o(.text))
<BR>[Address Reference Count : 1]<UL><LI> startup_stm32h743xx.o(RESET)
</UL>
<P><STRONG><a name="[92]"></a>ECC_IRQHandler</STRONG> (Thumb, 0 bytes, Stack size 0 bytes, startup_stm32h743xx.o(.text))
<BR>[Address Reference Count : 1]<UL><LI> startup_stm32h743xx.o(RESET)
</UL>
<P><STRONG><a name="[46]"></a>ETH_IRQHandler</STRONG> (Thumb, 0 bytes, Stack size 0 bytes, startup_stm32h743xx.o(.text))
<BR>[Address Reference Count : 1]<UL><LI> startup_stm32h743xx.o(RESET)
</UL>
<P><STRONG><a name="[47]"></a>ETH_WKUP_IRQHandler</STRONG> (Thumb, 0 bytes, Stack size 0 bytes, startup_stm32h743xx.o(.text))
<BR>[Address Reference Count : 1]<UL><LI> startup_stm32h743xx.o(RESET)
</UL>
<P><STRONG><a name="[10]"></a>EXTI0_IRQHandler</STRONG> (Thumb, 0 bytes, Stack size 0 bytes, startup_stm32h743xx.o(.text))
<BR>[Address Reference Count : 1]<UL><LI> startup_stm32h743xx.o(RESET)
</UL>
<P><STRONG><a name="[32]"></a>EXTI15_10_IRQHandler</STRONG> (Thumb, 0 bytes, Stack size 0 bytes, startup_stm32h743xx.o(.text))
<BR>[Address Reference Count : 1]<UL><LI> startup_stm32h743xx.o(RESET)
</UL>
<P><STRONG><a name="[11]"></a>EXTI1_IRQHandler</STRONG> (Thumb, 0 bytes, Stack size 0 bytes, startup_stm32h743xx.o(.text))
<BR>[Address Reference Count : 1]<UL><LI> startup_stm32h743xx.o(RESET)
</UL>
<P><STRONG><a name="[12]"></a>EXTI2_IRQHandler</STRONG> (Thumb, 0 bytes, Stack size 0 bytes, startup_stm32h743xx.o(.text))
<BR>[Address Reference Count : 1]<UL><LI> startup_stm32h743xx.o(RESET)
</UL>
<P><STRONG><a name="[13]"></a>EXTI3_IRQHandler</STRONG> (Thumb, 0 bytes, Stack size 0 bytes, startup_stm32h743xx.o(.text))
<BR>[Address Reference Count : 1]<UL><LI> startup_stm32h743xx.o(RESET)
</UL>
<P><STRONG><a name="[14]"></a>EXTI4_IRQHandler</STRONG> (Thumb, 0 bytes, Stack size 0 bytes, startup_stm32h743xx.o(.text))
<BR>[Address Reference Count : 1]<UL><LI> startup_stm32h743xx.o(RESET)
</UL>
<P><STRONG><a name="[21]"></a>EXTI9_5_IRQHandler</STRONG> (Thumb, 0 bytes, Stack size 0 bytes, startup_stm32h743xx.o(.text))
<BR>[Address Reference Count : 1]<UL><LI> startup_stm32h743xx.o(RESET)
</UL>
<P><STRONG><a name="[1d]"></a>FDCAN1_IT0_IRQHandler</STRONG> (Thumb, 0 bytes, Stack size 0 bytes, startup_stm32h743xx.o(.text))
<BR>[Address Reference Count : 1]<UL><LI> startup_stm32h743xx.o(RESET)
</UL>
<P><STRONG><a name="[1f]"></a>FDCAN1_IT1_IRQHandler</STRONG> (Thumb, 0 bytes, Stack size 0 bytes, startup_stm32h743xx.o(.text))
<BR>[Address Reference Count : 1]<UL><LI> startup_stm32h743xx.o(RESET)
</UL>
<P><STRONG><a name="[1e]"></a>FDCAN2_IT0_IRQHandler</STRONG> (Thumb, 0 bytes, Stack size 0 bytes, startup_stm32h743xx.o(.text))
<BR>[Address Reference Count : 1]<UL><LI> startup_stm32h743xx.o(RESET)
</UL>
<P><STRONG><a name="[20]"></a>FDCAN2_IT1_IRQHandler</STRONG> (Thumb, 0 bytes, Stack size 0 bytes, startup_stm32h743xx.o(.text))
<BR>[Address Reference Count : 1]<UL><LI> startup_stm32h743xx.o(RESET)
</UL>
<P><STRONG><a name="[48]"></a>FDCAN_CAL_IRQHandler</STRONG> (Thumb, 0 bytes, Stack size 0 bytes, startup_stm32h743xx.o(.text))
<BR>[Address Reference Count : 1]<UL><LI> startup_stm32h743xx.o(RESET)
</UL>
<P><STRONG><a name="[e]"></a>FLASH_IRQHandler</STRONG> (Thumb, 0 bytes, Stack size 0 bytes, startup_stm32h743xx.o(.text))
<BR>[Address Reference Count : 1]<UL><LI> startup_stm32h743xx.o(RESET)
</UL>
<P><STRONG><a name="[39]"></a>FMC_IRQHandler</STRONG> (Thumb, 0 bytes, Stack size 0 bytes, startup_stm32h743xx.o(.text))
<BR>[Address Reference Count : 1]<UL><LI> startup_stm32h743xx.o(RESET)
</UL>
<P><STRONG><a name="[55]"></a>FPU_IRQHandler</STRONG> (Thumb, 0 bytes, Stack size 0 bytes, startup_stm32h743xx.o(.text))
<BR>[Address Reference Count : 1]<UL><LI> startup_stm32h743xx.o(RESET)
</UL>
<P><STRONG><a name="[71]"></a>HRTIM1_FLT_IRQHandler</STRONG> (Thumb, 0 bytes, Stack size 0 bytes, startup_stm32h743xx.o(.text))
<BR>[Address Reference Count : 1]<UL><LI> startup_stm32h743xx.o(RESET)
</UL>
<P><STRONG><a name="[6b]"></a>HRTIM1_Master_IRQHandler</STRONG> (Thumb, 0 bytes, Stack size 0 bytes, startup_stm32h743xx.o(.text))
<BR>[Address Reference Count : 1]<UL><LI> startup_stm32h743xx.o(RESET)
</UL>
<P><STRONG><a name="[6c]"></a>HRTIM1_TIMA_IRQHandler</STRONG> (Thumb, 0 bytes, Stack size 0 bytes, startup_stm32h743xx.o(.text))
<BR>[Address Reference Count : 1]<UL><LI> startup_stm32h743xx.o(RESET)
</UL>
<P><STRONG><a name="[6d]"></a>HRTIM1_TIMB_IRQHandler</STRONG> (Thumb, 0 bytes, Stack size 0 bytes, startup_stm32h743xx.o(.text))
<BR>[Address Reference Count : 1]<UL><LI> startup_stm32h743xx.o(RESET)
</UL>
<P><STRONG><a name="[6e]"></a>HRTIM1_TIMC_IRQHandler</STRONG> (Thumb, 0 bytes, Stack size 0 bytes, startup_stm32h743xx.o(.text))
<BR>[Address Reference Count : 1]<UL><LI> startup_stm32h743xx.o(RESET)
</UL>
<P><STRONG><a name="[6f]"></a>HRTIM1_TIMD_IRQHandler</STRONG> (Thumb, 0 bytes, Stack size 0 bytes, startup_stm32h743xx.o(.text))
<BR>[Address Reference Count : 1]<UL><LI> startup_stm32h743xx.o(RESET)
</UL>
<P><STRONG><a name="[70]"></a>HRTIM1_TIME_IRQHandler</STRONG> (Thumb, 0 bytes, Stack size 0 bytes, startup_stm32h743xx.o(.text))
<BR>[Address Reference Count : 1]<UL><LI> startup_stm32h743xx.o(RESET)
</UL>
<P><STRONG><a name="[80]"></a>HSEM1_IRQHandler</STRONG> (Thumb, 0 bytes, Stack size 0 bytes, startup_stm32h743xx.o(.text))
<BR>[Address Reference Count : 1]<UL><LI> startup_stm32h743xx.o(RESET)
</UL>
<P><STRONG><a name="[2c]"></a>I2C2_ER_IRQHandler</STRONG> (Thumb, 0 bytes, Stack size 0 bytes, startup_stm32h743xx.o(.text))
<BR>[Address Reference Count : 1]<UL><LI> startup_stm32h743xx.o(RESET)
</UL>
<P><STRONG><a name="[2b]"></a>I2C2_EV_IRQHandler</STRONG> (Thumb, 0 bytes, Stack size 0 bytes, startup_stm32h743xx.o(.text))
<BR>[Address Reference Count : 1]<UL><LI> startup_stm32h743xx.o(RESET)
</UL>
<P><STRONG><a name="[4e]"></a>I2C3_ER_IRQHandler</STRONG> (Thumb, 0 bytes, Stack size 0 bytes, startup_stm32h743xx.o(.text))
<BR>[Address Reference Count : 1]<UL><LI> startup_stm32h743xx.o(RESET)
</UL>
<P><STRONG><a name="[4d]"></a>I2C3_EV_IRQHandler</STRONG> (Thumb, 0 bytes, Stack size 0 bytes, startup_stm32h743xx.o(.text))
<BR>[Address Reference Count : 1]<UL><LI> startup_stm32h743xx.o(RESET)
</UL>
<P><STRONG><a name="[64]"></a>I2C4_ER_IRQHandler</STRONG> (Thumb, 0 bytes, Stack size 0 bytes, startup_stm32h743xx.o(.text))
<BR>[Address Reference Count : 1]<UL><LI> startup_stm32h743xx.o(RESET)
</UL>
<P><STRONG><a name="[63]"></a>I2C4_EV_IRQHandler</STRONG> (Thumb, 0 bytes, Stack size 0 bytes, startup_stm32h743xx.o(.text))
<BR>[Address Reference Count : 1]<UL><LI> startup_stm32h743xx.o(RESET)
</UL>
<P><STRONG><a name="[7d]"></a>JPEG_IRQHandler</STRONG> (Thumb, 0 bytes, Stack size 0 bytes, startup_stm32h743xx.o(.text))
<BR>[Address Reference Count : 1]<UL><LI> startup_stm32h743xx.o(RESET)
</UL>
<P><STRONG><a name="[61]"></a>LPTIM1_IRQHandler</STRONG> (Thumb, 0 bytes, Stack size 0 bytes, startup_stm32h743xx.o(.text))
<BR>[Address Reference Count : 1]<UL><LI> startup_stm32h743xx.o(RESET)
</UL>
<P><STRONG><a name="[8c]"></a>LPTIM2_IRQHandler</STRONG> (Thumb, 0 bytes, Stack size 0 bytes, startup_stm32h743xx.o(.text))
<BR>[Address Reference Count : 1]<UL><LI> startup_stm32h743xx.o(RESET)
</UL>
<P><STRONG><a name="[8d]"></a>LPTIM3_IRQHandler</STRONG> (Thumb, 0 bytes, Stack size 0 bytes, startup_stm32h743xx.o(.text))
<BR>[Address Reference Count : 1]<UL><LI> startup_stm32h743xx.o(RESET)
</UL>
<P><STRONG><a name="[8e]"></a>LPTIM4_IRQHandler</STRONG> (Thumb, 0 bytes, Stack size 0 bytes, startup_stm32h743xx.o(.text))
<BR>[Address Reference Count : 1]<UL><LI> startup_stm32h743xx.o(RESET)
</UL>
<P><STRONG><a name="[8f]"></a>LPTIM5_IRQHandler</STRONG> (Thumb, 0 bytes, Stack size 0 bytes, startup_stm32h743xx.o(.text))
<BR>[Address Reference Count : 1]<UL><LI> startup_stm32h743xx.o(RESET)
</UL>
<P><STRONG><a name="[90]"></a>LPUART1_IRQHandler</STRONG> (Thumb, 0 bytes, Stack size 0 bytes, startup_stm32h743xx.o(.text))
<BR>[Address Reference Count : 1]<UL><LI> startup_stm32h743xx.o(RESET)
</UL>
<P><STRONG><a name="[5d]"></a>LTDC_ER_IRQHandler</STRONG> (Thumb, 0 bytes, Stack size 0 bytes, startup_stm32h743xx.o(.text))
<BR>[Address Reference Count : 1]<UL><LI> startup_stm32h743xx.o(RESET)
</UL>
<P><STRONG><a name="[5c]"></a>LTDC_IRQHandler</STRONG> (Thumb, 0 bytes, Stack size 0 bytes, startup_stm32h743xx.o(.text))
<BR>[Address Reference Count : 1]<UL><LI> startup_stm32h743xx.o(RESET)
</UL>
<P><STRONG><a name="[7c]"></a>MDIOS_IRQHandler</STRONG> (Thumb, 0 bytes, Stack size 0 bytes, startup_stm32h743xx.o(.text))
<BR>[Address Reference Count : 1]<UL><LI> startup_stm32h743xx.o(RESET)
</UL>
<P><STRONG><a name="[7b]"></a>MDIOS_WKUP_IRQHandler</STRONG> (Thumb, 0 bytes, Stack size 0 bytes, startup_stm32h743xx.o(.text))
<BR>[Address Reference Count : 1]<UL><LI> startup_stm32h743xx.o(RESET)
</UL>
<P><STRONG><a name="[7e]"></a>MDMA_IRQHandler</STRONG> (Thumb, 0 bytes, Stack size 0 bytes, startup_stm32h743xx.o(.text))
[...]
<LI><a href="#[3ab]">&gt;&gt;</a>&nbsp;&nbsp;&nbsp;tu_edpt_dir
<LI><a href="#[3a9]">&gt;&gt;</a>&nbsp;&nbsp;&nbsp;tu_desc_type
<LI><a href="#[3ad]">&gt;&gt;</a>&nbsp;&nbsp;&nbsp;tu_desc_next
<LI><a href="#[3ac]">&gt;&gt;</a>&nbsp;&nbsp;&nbsp;tu_desc_len
</UL>
<BR>[Called By]<UL><LI><a href="#[3d3]">&gt;&gt;</a>&nbsp;&nbsp;&nbsp;process_set_config
</UL>

<P><STRONG><a name="[3c3]"></a>osal_mutex_create</STRONG> (Thumb, 18 bytes, Stack size 16 bytes, usbd.o(.text.osal_mutex_create))
<BR><BR>[Stack]<UL><LI>Max Depth = 144<LI>Call Chain = osal_mutex_create &rArr; xQueueCreateMutexStatic &rArr; xQueueGenericSend &rArr; xTaskResumeAll &rArr; xTaskIncrementTick
</UL>
<BR>[Calls]<UL><LI><a href="#[3c0]">&gt;&gt;</a>&nbsp;&nbsp;&nbsp;xQueueCreateMutexStatic
</UL>
<BR>[Called By]<UL><LI><a href="#[3ed]">&gt;&gt;</a>&nbsp;&nbsp;&nbsp;tud_init
</UL>

<P><STRONG><a name="[3c4]"></a>osal_mutex_lock</STRONG> (Thumb, 20 bytes, Stack size 16 bytes, usbd.o(.text.osal_mutex_lock))
<BR><BR>[Stack]<UL><LI>Max Depth = 152<LI>Call Chain = osal_mutex_lock &rArr; osal_semaphore_wait &rArr; xQueueSemaphoreTake &rArr; xTaskResumeAll &rArr; xTaskIncrementTick
</UL>
<BR>[Calls]<UL><LI><a href="#[3c5]">&gt;&gt;</a>&nbsp;&nbsp;&nbsp;osal_semaphore_wait
</UL>
<BR>[Called By]<UL><LI><a href="#[3ec]">&gt;&gt;</a>&nbsp;&nbsp;&nbsp;usbd_edpt_release
<LI><a href="#[356]">&gt;&gt;</a>&nbsp;&nbsp;&nbsp;usbd_edpt_claim
</UL>

<P><STRONG><a name="[3c6]"></a>osal_mutex_unlock</STRONG> (Thumb, 30 bytes, Stack size 16 bytes, usbd.o(.text.osal_mutex_unlock))
<BR><BR>[Stack]<UL><LI>Max Depth = 120<LI>Call Chain = osal_mutex_unlock &rArr; xQueueGenericSend &rArr; xTaskResumeAll &rArr; xTaskIncrementTick
</UL>
<BR>[Calls]<UL><LI><a href="#[18d]">&gt;&gt;</a>&nbsp;&nbsp;&nbsp;xQueueGenericSend
</UL>
<BR>[Called By]<UL><LI><a href="#[3ec]">&gt;&gt;</a>&nbsp;&nbsp;&nbsp;usbd_edpt_release
<LI><a href="#[356]">&gt;&gt;</a>&nbsp;&nbsp;&nbsp;usbd_edpt_claim
</UL>

<P><STRONG><a name="[3c7]"></a>osal_queue_create</STRONG> (Thumb, 44 bytes, Stack size 24 bytes, usbd.o(.text.osal_queue_create))
<BR><BR>[Stack]<UL><LI>Max Depth = 40<LI>Call Chain = osal_queue_create &rArr; xQueueGenericCreateStatic
</UL>
<BR>[Calls]<UL><LI><a href="#[3bd]">&gt;&gt;</a>&nbsp;&nbsp;&nbsp;xQueueGenericCreateStatic
</UL>
<BR>[Called By]<UL><LI><a href="#[3ed]">&gt;&gt;</a>&nbsp;&nbsp;&nbsp;tud_init
</UL>

<P><STRONG><a name="[3c8]"></a>osal_queue_receive</STRONG> (Thumb, 30 bytes, Stack size 16 bytes, usbd.o(.text.osal_queue_receive))
<BR><BR>[Stack]<UL><LI>Max Depth = 128<LI>Call Chain = osal_queue_receive &rArr; xQueueReceive &rArr; xTaskResumeAll &rArr; xTaskIncrementTick
</UL>
<BR>[Calls]<UL><LI><a href="#[282]">&gt;&gt;</a>&nbsp;&nbsp;&nbsp;xQueueReceive
</UL>
<BR>[Called By]<UL><LI><a href="#[327]">&gt;&gt;</a>&nbsp;&nbsp;&nbsp;usb_task
</UL>

<P><STRONG><a name="[375]"></a>osal_queue_send</STRONG> (Thumb, 120 bytes, Stack size 32 bytes, usbd.o(.text.osal_queue_send))
<BR><BR>[Stack]<UL><LI>Max Depth = 136<LI>Call Chain = osal_queue_send &rArr; xQueueGenericSend &rArr; xTaskResumeAll &rArr; xTaskIncrementTick
</UL>
<BR>[Calls]<UL><LI><a href="#[18d]">&gt;&gt;</a>&nbsp;&nbsp;&nbsp;xQueueGenericSend
<LI><a href="#[3bf]">&gt;&gt;</a>&nbsp;&nbsp;&nbsp;xQueueGenericSendFromISR
</UL>
<BR>[Called By]<UL><LI><a href="#[373]">&gt;&gt;</a>&nbsp;&nbsp;&nbsp;dcd_event_handler
</UL>

<P><STRONG><a name="[3c5]"></a>osal_semaphore_wait</STRONG> (Thumb, 74 bytes, Stack size 24 bytes, usbd.o(.text.osal_semaphore_wait))
<BR><BR>[Stack]<UL><LI>Max Depth = 136<LI>Call Chain = osal_semaphore_wait &rArr; xQueueSemaphoreTake &rArr; xTaskResumeAll &rArr; xTaskIncrementTick
</UL>
<BR>[Calls]<UL><LI><a href="#[18c]">&gt;&gt;</a>&nbsp;&nbsp;&nbsp;xQueueSemaphoreTake
</UL>
<BR>[Called By]<UL><LI><a href="#[3c4]">&gt;&gt;</a>&nbsp;&nbsp;&nbsp;osal_mutex_lock
</UL>

<P><STRONG><a name="[3cf]"></a>process_control_request</STRONG> (Thumb, 1428 bytes, Stack size 96 bytes, usbd.o(.text.process_control_request))
<BR><BR>[Stack]<UL><LI>Max Depth = 360<LI>Call Chain = process_control_request &rArr; process_get_descriptor &rArr; tud_control_xfer &rArr; _data_stage_xact &rArr; dcd_edpt_xfer &rArr; edpt_schedule_packets &rArr; tu_min16
</UL>
<BR>[Calls]<UL><LI><a href="#[3ba]">&gt;&gt;</a>&nbsp;&nbsp;&nbsp;usbd_edpt_stalled
<LI><a href="#[3b5]">&gt;&gt;</a>&nbsp;&nbsp;&nbsp;usbd_edpt_stall
<LI><a href="#[3d5]">&gt;&gt;</a>&nbsp;&nbsp;&nbsp;usbd_edpt_clear_stall
<LI><a href="#[3d2]">&gt;&gt;</a>&nbsp;&nbsp;&nbsp;usbd_control_set_request
<LI><a href="#[3a6]">&gt;&gt;</a>&nbsp;&nbsp;&nbsp;usbd_control_set_complete_callback
<LI><a href="#[3d0]">&gt;&gt;</a>&nbsp;&nbsp;&nbsp;tu_u16_low
<LI><a href="#[3aa]">&gt;&gt;</a>&nbsp;&nbsp;&nbsp;tu_edpt_number
<LI><a href="#[3ab]">&gt;&gt;</a>&nbsp;&nbsp;&nbsp;tu_edpt_dir
<LI><a href="#[3d3]">&gt;&gt;</a>&nbsp;&nbsp;&nbsp;process_set_config
<LI><a href="#[3d4]">&gt;&gt;</a>&nbsp;&nbsp;&nbsp;process_get_descriptor
<LI><a href="#[3a5]">&gt;&gt;</a>&nbsp;&nbsp;&nbsp;invoke_class_control
<LI><a href="#[3d1]">&gt;&gt;</a>&nbsp;&nbsp;&nbsp;get_driver
<LI><a href="#[37d]">&gt;&gt;</a>&nbsp;&nbsp;&nbsp;dcd_set_address
<LI><a href="#[35a]">&gt;&gt;</a>&nbsp;&nbsp;&nbsp;tud_control_xfer
<LI><a href="#[35c]">&gt;&gt;</a>&nbsp;&nbsp;&nbsp;tud_control_status
</UL>
<BR>[Called By]<UL><LI><a href="#[327]">&gt;&gt;</a>&nbsp;&nbsp;&nbsp;usb_task
</UL>

<P><STRONG><a name="[3d4]"></a>process_get_descriptor</STRONG> (Thumb, 448 bytes, Stack size 80 bytes, usbd.o(.text.process_get_descriptor))
<BR><BR>[Stack]<UL><LI>Max Depth = 264<LI>Call Chain = process_get_descriptor &rArr; tud_control_xfer &rArr; _data_stage_xact &rArr; dcd_edpt_xfer &rArr; edpt_schedule_packets &rArr; tu_min16
</UL>
<BR>[Calls]<UL><LI><a href="#[3d9]">&gt;&gt;</a>&nbsp;&nbsp;&nbsp;tud_descriptor_string_cb
<LI><a href="#[3d7]">&gt;&gt;</a>&nbsp;&nbsp;&nbsp;tud_descriptor_device_cb
<LI><a href="#[3d8]">&gt;&gt;</a>&nbsp;&nbsp;&nbsp;tud_descriptor_configuration_cb
<LI><a href="#[3d0]">&gt;&gt;</a>&nbsp;&nbsp;&nbsp;tu_u16_low
<LI><a href="#[3d6]">&gt;&gt;</a>&nbsp;&nbsp;&nbsp;tu_u16_high
<LI><a href="#[35a]">&gt;&gt;</a>&nbsp;&nbsp;&nbsp;tud_control_xfer
</UL>
<BR>[Called By]<UL><LI><a href="#[3cf]">&gt;&gt;</a>&nbsp;&nbsp;&nbsp;process_control_request
</UL>

<P><STRONG><a name="[3d3]"></a>process_set_config</STRONG> (Thumb, 800 bytes, Stack size 88 bytes, usbd.o(.text.process_set_config))
<BR><BR>[Stack]<UL><LI>Max Depth = 136<LI>Call Chain = process_set_config &rArr; mark_interface_endpoint &rArr; tu_desc_next
</UL>
<BR>[Calls]<UL><LI><a href="#[3da]">&gt;&gt;</a>&nbsp;&nbsp;&nbsp;tud_mount_cb
<LI><a href="#[3d8]">&gt;&gt;</a>&nbsp;&nbsp;&nbsp;tud_descriptor_configuration_cb
<LI><a href="#[3a9]">&gt;&gt;</a>&nbsp;&nbsp;&nbsp;tu_desc_type
<LI><a href="#[3ad]">&gt;&gt;</a>&nbsp;&nbsp;&nbsp;tu_desc_next
<LI><a href="#[3a8]">&gt;&gt;</a>&nbsp;&nbsp;&nbsp;mark_interface_endpoint
<LI><a href="#[3d1]">&gt;&gt;</a>&nbsp;&nbsp;&nbsp;get_driver
</UL>
<BR>[Called By]<UL><LI><a href="#[3cf]">&gt;&gt;</a>&nbsp;&nbsp;&nbsp;process_control_request
</UL>

<P><STRONG><a name="[3ac]"></a>tu_desc_len</STRONG> (Thumb, 12 bytes, Stack size 4 bytes, usbd.o(.text.tu_desc_len))
<BR><BR>[Stack]<UL><LI>Max Depth = 4<LI>Call Chain = tu_desc_len
</UL>
<BR>[Called By]<UL><LI><a href="#[3a8]">&gt;&gt;</a>&nbsp;&nbsp;&nbsp;mark_interface_endpoint
</UL>

<P><STRONG><a name="[3ad]"></a>tu_desc_next</STRONG> (Thumb, 18 bytes, Stack size 8 bytes, usbd.o(.text.tu_desc_next))
<BR><BR>[Stack]<UL><LI>Max Depth = 8<LI>Call Chain = tu_desc_next
</UL>
<BR>[Called By]<UL><LI><a href="#[3d3]">&gt;&gt;</a>&nbsp;&nbsp;&nbsp;process_set_config
<LI><a href="#[3a8]">&gt;&gt;</a>&nbsp;&nbsp;&nbsp;mark_interface_endpoint
<LI><a href="#[362]">&gt;&gt;</a>&nbsp;&nbsp;&nbsp;usbd_open_edpt_pair
</UL>

<P><STRONG><a name="[3a9]"></a>tu_desc_type</STRONG> (Thumb, 12 bytes, Stack size 4 bytes, usbd.o(.text.tu_desc_type))
<BR><BR>[Stack]<UL><LI>Max Depth = 4<LI>Call Chain = tu_desc_type
</UL>
<BR>[Called By]<UL><LI><a href="#[3d3]">&gt;&gt;</a>&nbsp;&nbsp;&nbsp;process_set_config
<LI><a href="#[3a8]">&gt;&gt;</a>&nbsp;&nbsp;&nbsp;mark_interface_endpoint
</UL>

<P><STRONG><a name="[3ab]"></a>tu_edpt_dir</STRONG> (Thumb, 18 bytes, Stack size 4 bytes, usbd.o(.text.tu_edpt_dir))
<BR><BR>[Stack]<UL><LI>Max Depth = 4<LI>Call Chain = tu_edpt_dir
</UL>
<BR>[Called By]<UL><LI><a href="#[327]">&gt;&gt;</a>&nbsp;&nbsp;&nbsp;usb_task
<LI><a href="#[3ba]">&gt;&gt;</a>&nbsp;&nbsp;&nbsp;usbd_edpt_stalled
<LI><a href="#[3b5]">&gt;&gt;</a>&nbsp;&nbsp;&nbsp;usbd_edpt_stall
<LI><a href="#[3d5]">&gt;&gt;</a>&nbsp;&nbsp;&nbsp;usbd_edpt_clear_stall
<LI><a href="#[3cf]">&gt;&gt;</a>&nbsp;&nbsp;&nbsp;process_control_request
<LI><a href="#[3a8]">&gt;&gt;</a>&nbsp;&nbsp;&nbsp;mark_interface_endpoint
<LI><a href="#[362]">&gt;&gt;</a>&nbsp;&nbsp;&nbsp;usbd_open_edpt_pair
<LI><a href="#[357]">&gt;&gt;</a>&nbsp;&nbsp;&nbsp;usbd_edpt_xfer
<LI><a href="#[3ec]">&gt;&gt;</a>&nbsp;&nbsp;&nbsp;usbd_edpt_release
<LI><a href="#[356]">&gt;&gt;</a>&nbsp;&nbsp;&nbsp;usbd_edpt_claim
</UL>

<P><STRONG><a name="[3aa]"></a>tu_edpt_number</STRONG> (Thumb, 20 bytes, Stack size 4 bytes, usbd.o(.text.tu_edpt_number))
<BR><BR>[Stack]<UL><LI>Max Depth = 4<LI>Call Chain = tu_edpt_number
</UL>
<BR>[Called By]<UL><LI><a href="#[327]">&gt;&gt;</a>&nbsp;&nbsp;&nbsp;usb_task
<LI><a href="#[3ba]">&gt;&gt;</a>&nbsp;&nbsp;&nbsp;usbd_edpt_stalled
<LI><a href="#[3b5]">&gt;&gt;</a>&nbsp;&nbsp;&nbsp;usbd_edpt_stall
<LI><a href="#[3d5]">&gt;&gt;</a>&nbsp;&nbsp;&nbsp;usbd_edpt_clear_stall
<LI><a href="#[3cf]">&gt;&gt;</a>&nbsp;&nbsp;&nbsp;process_control_request
<LI><a href="#[3a8]">&gt;&gt;</a>&nbsp;&nbsp;&nbsp;mark_interface_endpoint
<LI><a href="#[357]">&gt;&gt;</a>&nbsp;&nbsp;&nbsp;usbd_edpt_xfer
<LI><a href="#[3ec]">&gt;&gt;</a>&nbsp;&nbsp;&nbsp;usbd_edpt_release
<LI><a href="#[356]">&gt;&gt;</a>&nbsp;&nbsp;&nbsp;usbd_edpt_claim
</UL>

<P><STRONG><a name="[3d6]"></a>tu_u16_high</STRONG> (Thumb, 16 bytes, Stack size 4 bytes, usbd.o(.text.tu_u16_high))
<BR><BR>[Stack]<UL><LI>Max Depth = 4<LI>Call Chain = tu_u16_high
</UL>
<BR>[Called By]<UL><LI><a href="#[3d4]">&gt;&gt;</a>&nbsp;&nbsp;&nbsp;process_get_descriptor
</UL>

<P><STRONG><a name="[3d0]"></a>tu_u16_low</STRONG> (Thumb, 16 bytes, Stack size 4 bytes, usbd.o(.text.tu_u16_low))
<BR><BR>[Stack]<UL><LI>Max Depth = 4<LI>Call Chain = tu_u16_low
</UL>
<BR>[Called By]<UL><LI><a href="#[3d4]">&gt;&gt;</a>&nbsp;&nbsp;&nbsp;process_get_descriptor
<LI><a href="#[3cf]">&gt;&gt;</a>&nbsp;&nbsp;&nbsp;process_control_request
</UL>

<P><STRONG><a name="[121]"></a>_GLOBAL__sub_I_MS_Attitude.cpp</STRONG> (Thumb, 1160 bytes, Stack size 40 bytes, ms_attitude.o(.text._GLOBAL__sub_I_MS_Attitude.cpp))
<BR><BR>[Stack]<UL><LI>Max Depth = 160<LI>Call Chain = _GLOBAL__sub_I_MS_Attitude.cpp &rArr; xQueueCreateMutex &rArr; xQueueGenericSend &rArr; xTaskResumeAll &rArr; xTaskIncrementTick
</UL>
<BR>[Calls]<UL><LI><a href="#[1df]">&gt;&gt;</a>&nbsp;&nbsp;&nbsp;xQueueCreateMutex
<LI><a href="#[1e1]">&gt;&gt;</a>&nbsp;&nbsp;&nbsp;operator new[] (unsigned)
<LI><a href="#[1e0]">&gt;&gt;</a>&nbsp;&nbsp;&nbsp;__aeabi_memclr8
<LI><a href="#[147]">&gt;&gt;</a>&nbsp;&nbsp;&nbsp;__cxa_atexit
</UL>
<BR>[Address Reference Count : 1]<UL><LI> ms_attitude.o(.init_array)
</UL>
<P><STRONG><a name="[209]"></a>_ZL18MS_AttitudeHeadingdPP9PosAccInf</STRONG> (Thumb, 7016 bytes, Stack size 480 bytes, ms_attitude.o(.text._ZL18MS_AttitudeHeadingdPP9PosAccInf))
<BR><BR>[Stack]<UL><LI>Max Depth = 664 + Unknown Stack Size
<LI>Call Chain = _ZL18MS_AttitudeHeadingdPP9PosAccInf &rArr; __hardfp_tan &rArr; __ieee754_rem_pio2 &rArr; fabs
</UL>
<BR>[Calls]<UL><LI><a href="#[1d9]">&gt;&gt;</a>&nbsp;&nbsp;&nbsp;SName::SName__sub_object(const char*)
<LI><a href="#[283]">&gt;&gt;</a>&nbsp;&nbsp;&nbsp;ReadParamGroup(SName, unsigned long long*, bool*, double)
<LI><a href="#[18c]">&gt;&gt;</a>&nbsp;&nbsp;&nbsp;xQueueSemaphoreTake
<LI><a href="#[18d]">&gt;&gt;</a>&nbsp;&nbsp;&nbsp;xQueueGenericSend
<LI><a href="#[20a]">&gt;&gt;</a>&nbsp;&nbsp;&nbsp;GetPositionSensor(unsigned char, Position_Sensor*, double)
<LI><a href="#[291]">&gt;&gt;</a>&nbsp;&nbsp;&nbsp;GetMagnetometer(unsigned char, IMU_Sensor*, double)
<LI><a href="#[1d8]">&gt;&gt;</a>&nbsp;&nbsp;&nbsp;__cxa_guard_release
<LI><a href="#[1d7]">&gt;&gt;</a>&nbsp;&nbsp;&nbsp;__cxa_guard_acquire
<LI><a href="#[207]">&gt;&gt;</a>&nbsp;&nbsp;&nbsp;__hardfp_tan
<LI><a href="#[20b]">&gt;&gt;</a>&nbsp;&nbsp;&nbsp;__hardfp_sqrt
<LI><a href="#[20c]">&gt;&gt;</a>&nbsp;&nbsp;&nbsp;__hardfp_atan2
<LI><a href="#[18f]">&gt;&gt;</a>&nbsp;&nbsp;&nbsp;__aeabi_ul2d
<LI><a href="#[1e0]">&gt;&gt;</a>&nbsp;&nbsp;&nbsp;__aeabi_memclr8
<LI><a href="#[21f]">&gt;&gt;</a>&nbsp;&nbsp;&nbsp;__aeabi_memclr4
<LI><a href="#[20e]">&gt;&gt;</a>&nbsp;&nbsp;&nbsp;Quaternion::rotate_delta_angle(vector3&lang;double&rang;)
</UL>
<BR>[Called By]<UL><LI><a href="#[206]">&gt;&gt;</a>&nbsp;&nbsp;&nbsp;MS_Attitude(unsigned char, IMU_Sensor)
</UL>

<P><STRONG><a name="[122]"></a>_GLOBAL__sub_I_MS_Position.cpp</STRONG> (Thumb, 536 bytes, Stack size 32 bytes, ms_position.o(.text._GLOBAL__sub_I_MS_Position.cpp))
<BR><BR>[Stack]<UL><LI>Max Depth = 152<LI>Call Chain = _GLOBAL__sub_I_MS_Position.cpp &rArr; xQueueCreateMutex &rArr; xQueueGenericSend &rArr; xTaskResumeAll &rArr; xTaskIncrementTick
</UL>
<BR>[Calls]<UL><LI><a href="#[1df]">&gt;&gt;</a>&nbsp;&nbsp;&nbsp;xQueueCreateMutex
<LI><a href="#[1e1]">&gt;&gt;</a>&nbsp;&nbsp;&nbsp;operator new[] (unsigned)
<LI><a href="#[1e0]">&gt;&gt;</a>&nbsp;&nbsp;&nbsp;__aeabi_memclr8
<LI><a href="#[147]">&gt;&gt;</a>&nbsp;&nbsp;&nbsp;__cxa_atexit
</UL>
<BR>[Address Reference Count : 1]<UL><LI> ms_position.o(.init_array)
</UL>
<P><STRONG><a name="[3af]"></a>proc_read10_cmd</STRONG> (Thumb, 358 bytes, Stack size 64 bytes, msc_device.o(.text.proc_read10_cmd))
<BR><BR>[Stack]<UL><LI>Max Depth = 280<LI>Call Chain = proc_read10_cmd &rArr; dcd_event_xfer_complete &rArr; dcd_event_handler &rArr; osal_queue_send &rArr; xQueueGenericSend &rArr; xTaskResumeAll &rArr; xTaskIncrementTick
</UL>
<BR>[Calls]<UL><LI><a href="#[3b5]">&gt;&gt;</a>&nbsp;&nbsp;&nbsp;usbd_edpt_stall
<LI><a href="#[377]">&gt;&gt;</a>&nbsp;&nbsp;&nbsp;dcd_event_xfer_complete
<LI><a href="#[357]">&gt;&gt;</a>&nbsp;&nbsp;&nbsp;usbd_edpt_xfer
<LI><a href="#[3b4]">&gt;&gt;</a>&nbsp;&nbsp;&nbsp;tud_msc_set_sense
<LI><a href="#[3ce]">&gt;&gt;</a>&nbsp;&nbsp;&nbsp;tud_msc_read10_cb
<LI><a href="#[3cd]">&gt;&gt;</a>&nbsp;&nbsp;&nbsp;tu_min32
<LI><a href="#[3b7]">&gt;&gt;</a>&nbsp;&nbsp;&nbsp;rdwr10_get_lba
<LI><a href="#[3b6]">&gt;&gt;</a>&nbsp;&nbsp;&nbsp;rdwr10_get_blockcount
</UL>
<BR>[Called By]<UL><LI><a href="#[10e]">&gt;&gt;</a>&nbsp;&nbsp;&nbsp;mscd_xfer_cb
</UL>

<P><STRONG><a name="[3b0]"></a>proc_write10_cmd</STRONG> (Thumb, 192 bytes, Stack size 48 bytes, msc_device.o(.text.proc_write10_cmd))
<BR><BR>[Stack]<UL><LI>Max Depth = 192<LI>Call Chain = proc_write10_cmd &rArr; usbd_edpt_xfer &rArr; dcd_edpt_xfer &rArr; edpt_schedule_packets &rArr; tu_min16
</UL>
<BR>[Calls]<UL><LI><a href="#[3cc]">&gt;&gt;</a>&nbsp;&nbsp;&nbsp;tud_msc_is_writable_cb
<LI><a href="#[3b5]">&gt;&gt;</a>&nbsp;&nbsp;&nbsp;usbd_edpt_stall
<LI><a href="#[357]">&gt;&gt;</a>&nbsp;&nbsp;&nbsp;usbd_edpt_xfer
<LI><a href="#[3b4]">&gt;&gt;</a>&nbsp;&nbsp;&nbsp;tud_msc_set_sense
<LI><a href="#[3cd]">&gt;&gt;</a>&nbsp;&nbsp;&nbsp;tu_min32
</UL>
<BR>[Called By]<UL><LI><a href="#[10e]">&gt;&gt;</a>&nbsp;&nbsp;&nbsp;mscd_xfer_cb
</UL>

<P><STRONG><a name="[3b6]"></a>rdwr10_get_blockcount</STRONG> (Thumb, 30 bytes, Stack size 12 bytes, msc_device.o(.text.rdwr10_get_blockcount))
<BR><BR>[Stack]<UL><LI>Max Depth = 12<LI>Call Chain = rdwr10_get_blockcount
</UL>
<BR>[Called By]<UL><LI><a href="#[10e]">&gt;&gt;</a>&nbsp;&nbsp;&nbsp;mscd_xfer_cb
<LI><a href="#[3af]">&gt;&gt;</a>&nbsp;&nbsp;&nbsp;proc_read10_cmd
</UL>

<P><STRONG><a name="[3b7]"></a>rdwr10_get_lba</STRONG> (Thumb, 24 bytes, Stack size 12 bytes, msc_device.o(.text.rdwr10_get_lba))
<BR><BR>[Stack]<UL><LI>Max Depth = 12<LI>Call Chain = rdwr10_get_lba
</UL>
<BR>[Called By]<UL><LI><a href="#[10e]">&gt;&gt;</a>&nbsp;&nbsp;&nbsp;mscd_xfer_cb
<LI><a href="#[3af]">&gt;&gt;</a>&nbsp;&nbsp;&nbsp;proc_read10_cmd
</UL>

<P><STRONG><a name="[3b1]"></a>tu_bit_test</STRONG> (Thumb, 26 bytes, Stack size 8 bytes, msc_device.o(.text.tu_bit_test))
<BR><BR>[Stack]<UL><LI>Max Depth = 8<LI>Call Chain = tu_bit_test
</UL>
<BR>[Called By]<UL><LI><a href="#[10e]">&gt;&gt;</a>&nbsp;&nbsp;&nbsp;mscd_xfer_cb
</UL>

<P><STRONG><a name="[3ae]"></a>tu_desc_next</STRONG> (Thumb, 18 bytes, Stack size 8 bytes, msc_device.o(.text.tu_desc_next))
<BR><BR>[Stack]<UL><LI>Max Depth = 8<LI>Call Chain = tu_desc_next
</UL>
<BR>[Called By]<UL><LI><a href="#[10b]">&gt;&gt;</a>&nbsp;&nbsp;&nbsp;mscd_open
</UL>

<P><STRONG><a name="[3cd]"></a>tu_min32</STRONG> (Thumb, 34 bytes, Stack size 12 bytes, msc_device.o(.text.tu_min32))
<BR><BR>[Stack]<UL><LI>Max Depth = 12<LI>Call Chain = tu_min32
</UL>
<BR>[Called By]<UL><LI><a href="#[3b0]">&gt;&gt;</a>&nbsp;&nbsp;&nbsp;proc_write10_cmd
<LI><a href="#[3af]">&gt;&gt;</a>&nbsp;&nbsp;&nbsp;proc_read10_cmd
</UL>

<P><STRONG><a name="[352]"></a>_data_stage_xact</STRONG> (Thumb, 152 bytes, Stack size 32 bytes, usbd_control.o(.text._data_stage_xact))
<BR><BR>[Stack]<UL><LI>Max Depth = 136<LI>Call Chain = _data_stage_xact &rArr; dcd_edpt_xfer &rArr; edpt_schedule_packets &rArr; tu_min16
</UL>
<BR>[Calls]<UL><LI><a href="#[354]">&gt;&gt;</a>&nbsp;&nbsp;&nbsp;dcd_edpt_xfer
<LI><a href="#[14c]">&gt;&gt;</a>&nbsp;&nbsp;&nbsp;__aeabi_memcpy
<LI><a href="#[353]">&gt;&gt;</a>&nbsp;&nbsp;&nbsp;tu_min16
</UL>
<BR>[Called By]<UL><LI><a href="#[3f6]">&gt;&gt;</a>&nbsp;&nbsp;&nbsp;usbd_control_xfer_cb
<LI><a href="#[35a]">&gt;&gt;</a>&nbsp;&nbsp;&nbsp;tud_control_xfer
</UL>

<P><STRONG><a name="[358]"></a>_status_stage_xact</STRONG> (Thumb, 50 bytes, Stack size 24 bytes, usbd_control.o(.text._status_stage_xact))
<BR><BR>[Stack]<UL><LI>Max Depth = 128<LI>Call Chain = _status_stage_xact &rArr; dcd_edpt_xfer &rArr; edpt_schedule_packets &rArr; tu_min16
</UL>
<BR>[Calls]<UL><LI><a href="#[354]">&gt;&gt;</a>&nbsp;&nbsp;&nbsp;dcd_edpt_xfer
</UL>
<BR>[Called By]<UL><LI><a href="#[3f6]">&gt;&gt;</a>&nbsp;&nbsp;&nbsp;usbd_control_xfer_cb
<LI><a href="#[35a]">&gt;&gt;</a>&nbsp;&nbsp;&nbsp;tud_control_xfer
<LI><a href="#[35c]">&gt;&gt;</a>&nbsp;&nbsp;&nbsp;tud_control_status
</UL>

<P><STRONG><a name="[3f7]"></a>tu_edpt_dir</STRONG> (Thumb, 18 bytes, Stack size 4 bytes, usbd_control.o(.text.tu_edpt_dir))
<BR><BR>[Stack]<UL><LI>Max Depth = 4<LI>Call Chain = tu_edpt_dir
</UL>
<BR>[Called By]<UL><LI><a href="#[3f6]">&gt;&gt;</a>&nbsp;&nbsp;&nbsp;usbd_control_xfer_cb
</UL>

<P><STRONG><a name="[353]"></a>tu_min16</STRONG> (Thumb, 52 bytes, Stack size 8 bytes, usbd_control.o(.text.tu_min16))
<BR><BR>[Stack]<UL><LI>Max Depth = 8<LI>Call Chain = tu_min16
</UL>
<BR>[Called By]<UL><LI><a href="#[35a]">&gt;&gt;</a>&nbsp;&nbsp;&nbsp;tud_control_xfer
<LI><a href="#[352]">&gt;&gt;</a>&nbsp;&nbsp;&nbsp;_data_stage_xact
</UL>

<P><STRONG><a name="[158]"></a>_fp_digits</STRONG> (Thumb, 432 bytes, Stack size 96 bytes, _printf_fp_dec.o(.text))
<BR><BR>[Stack]<UL><LI>Max Depth = 220<LI>Call Chain = _fp_digits &rArr; _btod_etento &rArr; _btod_emul &rArr; _e2e
</UL>
<BR>[Calls]<UL><LI><a href="#[15c]">&gt;&gt;</a>&nbsp;&nbsp;&nbsp;_btod_emul
<LI><a href="#[15b]">&gt;&gt;</a>&nbsp;&nbsp;&nbsp;_btod_ediv
<LI><a href="#[15a]">&gt;&gt;</a>&nbsp;&nbsp;&nbsp;_btod_d2e
<LI><a href="#[159]">&gt;&gt;</a>&nbsp;&nbsp;&nbsp;_btod_etento
<LI><a href="#[15d]">&gt;&gt;</a>&nbsp;&nbsp;&nbsp;_ll_udiv10
</UL>
<BR>[Called By]<UL><LI><a href="#[15e]">&gt;&gt;</a>&nbsp;&nbsp;&nbsp;_printf_fp_dec_real
</UL>

<P><STRONG><a name="[98]"></a>_printf_input_char</STRONG> (Thumb, 10 bytes, Stack size 0 bytes, _printf_char_common.o(.text))
<BR>[Address Reference Count : 1]<UL><LI> _printf_char_common.o(.text)
</UL><P>
<H3>
Undefined Global Symbols
</H3><HR></body></html>
